Archive member included to satisfy reference by file (symbol)

/home/leonardo/intelFPGA/18.1/nios2eds/bin/gnu/H-x86_64-pc-linux-gnu/bin/../lib/gcc/nios2-elf/5.3.0/../../../../../H-x86_64-pc-linux-gnu/nios2-elf/lib/mno-hw-mul/libc.a(lib_a-printf.o)
                              obj/default/hello_world.o (printf)
/home/leonardo/intelFPGA/18.1/nios2eds/bin/gnu/H-x86_64-pc-linux-gnu/bin/../lib/gcc/nios2-elf/5.3.0/../../../../../H-x86_64-pc-linux-gnu/nios2-elf/lib/mno-hw-mul/libc.a(lib_a-puts.o)
                              obj/default/hello_world.o (puts)
/home/leonardo/intelFPGA/18.1/nios2eds/bin/gnu/H-x86_64-pc-linux-gnu/bin/../lib/gcc/nios2-elf/5.3.0/../../../../../H-x86_64-pc-linux-gnu/nios2-elf/lib/mno-hw-mul/libc.a(lib_a-strlen.o)
                              /home/leonardo/intelFPGA/18.1/nios2eds/bin/gnu/H-x86_64-pc-linux-gnu/bin/../lib/gcc/nios2-elf/5.3.0/../../../../../H-x86_64-pc-linux-gnu/nios2-elf/lib/mno-hw-mul/libc.a(lib_a-puts.o) (strlen)
/home/leonardo/intelFPGA/18.1/nios2eds/bin/gnu/H-x86_64-pc-linux-gnu/bin/../lib/gcc/nios2-elf/5.3.0/../../../../../H-x86_64-pc-linux-gnu/nios2-elf/lib/mno-hw-mul/libc.a(lib_a-vfprintf.o)
                              /home/leonardo/intelFPGA/18.1/nios2eds/bin/gnu/H-x86_64-pc-linux-gnu/bin/../lib/gcc/nios2-elf/5.3.0/../../../../../H-x86_64-pc-linux-gnu/nios2-elf/lib/mno-hw-mul/libc.a(lib_a-printf.o) (___vfprintf_internal_r)
/home/leonardo/intelFPGA/18.1/nios2eds/bin/gnu/H-x86_64-pc-linux-gnu/bin/../lib/gcc/nios2-elf/5.3.0/../../../../../H-x86_64-pc-linux-gnu/nios2-elf/lib/mno-hw-mul/libc.a(lib_a-wsetup.o)
                              /home/leonardo/intelFPGA/18.1/nios2eds/bin/gnu/H-x86_64-pc-linux-gnu/bin/../lib/gcc/nios2-elf/5.3.0/../../../../../H-x86_64-pc-linux-gnu/nios2-elf/lib/mno-hw-mul/libc.a(lib_a-vfprintf.o) (__swsetup_r)
/home/leonardo/intelFPGA/18.1/nios2eds/bin/gnu/H-x86_64-pc-linux-gnu/bin/../lib/gcc/nios2-elf/5.3.0/../../../../../H-x86_64-pc-linux-gnu/nios2-elf/lib/mno-hw-mul/libc.a(lib_a-dtoa.o)
                              /home/leonardo/intelFPGA/18.1/nios2eds/bin/gnu/H-x86_64-pc-linux-gnu/bin/../lib/gcc/nios2-elf/5.3.0/../../../../../H-x86_64-pc-linux-gnu/nios2-elf/lib/mno-hw-mul/libc.a(lib_a-vfprintf.o) (_dtoa_r)
/home/leonardo/intelFPGA/18.1/nios2eds/bin/gnu/H-x86_64-pc-linux-gnu/bin/../lib/gcc/nios2-elf/5.3.0/../../../../../H-x86_64-pc-linux-gnu/nios2-elf/lib/mno-hw-mul/libc.a(lib_a-fflush.o)
                              /home/leonardo/intelFPGA/18.1/nios2eds/bin/gnu/H-x86_64-pc-linux-gnu/bin/../lib/gcc/nios2-elf/5.3.0/../../../../../H-x86_64-pc-linux-gnu/nios2-elf/lib/mno-hw-mul/libc.a(lib_a-vfprintf.o) (_fflush_r)
/home/leonardo/intelFPGA/18.1/nios2eds/bin/gnu/H-x86_64-pc-linux-gnu/bin/../lib/gcc/nios2-elf/5.3.0/../../../../../H-x86_64-pc-linux-gnu/nios2-elf/lib/mno-hw-mul/libc.a(lib_a-findfp.o)
                              /home/leonardo/intelFPGA/18.1/nios2eds/bin/gnu/H-x86_64-pc-linux-gnu/bin/../lib/gcc/nios2-elf/5.3.0/../../../../../H-x86_64-pc-linux-gnu/nios2-elf/lib/mno-hw-mul/libc.a(lib_a-puts.o) (__sinit)
/home/leonardo/intelFPGA/18.1/nios2eds/bin/gnu/H-x86_64-pc-linux-gnu/bin/../lib/gcc/nios2-elf/5.3.0/../../../../../H-x86_64-pc-linux-gnu/nios2-elf/lib/mno-hw-mul/libc.a(lib_a-freer.o)
                              /home/leonardo/intelFPGA/18.1/nios2eds/bin/gnu/H-x86_64-pc-linux-gnu/bin/../lib/gcc/nios2-elf/5.3.0/../../../../../H-x86_64-pc-linux-gnu/nios2-elf/lib/mno-hw-mul/libc.a(lib_a-wsetup.o) (_free_r)
/home/leonardo/intelFPGA/18.1/nios2eds/bin/gnu/H-x86_64-pc-linux-gnu/bin/../lib/gcc/nios2-elf/5.3.0/../../../../../H-x86_64-pc-linux-gnu/nios2-elf/lib/mno-hw-mul/libc.a(lib_a-fvwrite.o)
                              /home/leonardo/intelFPGA/18.1/nios2eds/bin/gnu/H-x86_64-pc-linux-gnu/bin/../lib/gcc/nios2-elf/5.3.0/../../../../../H-x86_64-pc-linux-gnu/nios2-elf/lib/mno-hw-mul/libc.a(lib_a-puts.o) (__sfvwrite_r)
/home/leonardo/intelFPGA/18.1/nios2eds/bin/gnu/H-x86_64-pc-linux-gnu/bin/../lib/gcc/nios2-elf/5.3.0/../../../../../H-x86_64-pc-linux-gnu/nios2-elf/lib/mno-hw-mul/libc.a(lib_a-fwalk.o)
                              /home/leonardo/intelFPGA/18.1/nios2eds/bin/gnu/H-x86_64-pc-linux-gnu/bin/../lib/gcc/nios2-elf/5.3.0/../../../../../H-x86_64-pc-linux-gnu/nios2-elf/lib/mno-hw-mul/libc.a(lib_a-findfp.o) (_fwalk)
/home/leonardo/intelFPGA/18.1/nios2eds/bin/gnu/H-x86_64-pc-linux-gnu/bin/../lib/gcc/nios2-elf/5.3.0/../../../../../H-x86_64-pc-linux-gnu/nios2-elf/lib/mno-hw-mul/libc.a(lib_a-impure.o)
                              /home/leonardo/intelFPGA/18.1/nios2eds/bin/gnu/H-x86_64-pc-linux-gnu/bin/../lib/gcc/nios2-elf/5.3.0/../../../../../H-x86_64-pc-linux-gnu/nios2-elf/lib/mno-hw-mul/libc.a(lib_a-fflush.o) (_global_impure_ptr)
/home/leonardo/intelFPGA/18.1/nios2eds/bin/gnu/H-x86_64-pc-linux-gnu/bin/../lib/gcc/nios2-elf/5.3.0/../../../../../H-x86_64-pc-linux-gnu/nios2-elf/lib/mno-hw-mul/libc.a(lib_a-locale.o)
[...]
Memory Configuration

Name             Origin             Length             Attributes
reset            0x0000000000020000 0x0000000000000020
onchip_memory2_0 0x0000000000020020 0x000000000001f3e0
onchip_memory2_1 0x0000000000040000 0x000000000000fa00
*default*        0x0000000000000000 0xffffffffffffffff

Linker script and memory map

LOAD ../E3_bsp//obj/HAL/src/crt0.o
LOAD obj/default/hello_world.o
LOAD /home/leonardo/intelFPGA/18.1/nios2eds/bin/gnu/H-x86_64-pc-linux-gnu/bin/../lib/gcc/nios2-elf/5.3.0/../../../../../H-x86_64-pc-linux-gnu/nios2-elf/lib/mno-hw-mul/libstdc++.a
LOAD /home/leonardo/intelFPGA/18.1/nios2eds/bin/gnu/H-x86_64-pc-linux-gnu/bin/../lib/gcc/nios2-elf/5.3.0/../../../../../H-x86_64-pc-linux-gnu/nios2-elf/lib/mno-hw-mul/libm.a
LOAD /home/leonardo/intelFPGA/18.1/nios2eds/bin/gnu/H-x86_64-pc-linux-gnu/bin/../lib/gcc/nios2-elf/5.3.0/mno-hw-mul/libgcc.a
START GROUP
LOAD /home/leonardo/intelFPGA/18.1/nios2eds/bin/gnu/H-x86_64-pc-linux-gnu/bin/../lib/gcc/nios2-elf/5.3.0/../../../../../H-x86_64-pc-linux-gnu/nios2-elf/lib/mno-hw-mul/libc.a
LOAD /home/leonardo/intelFPGA/18.1/nios2eds/bin/gnu/H-x86_64-pc-linux-gnu/bin/../lib/gcc/nios2-elf/5.3.0/mno-hw-mul/libgcc.a
LOAD ../E3_bsp//libhal_bsp.a
LOAD /home/leonardo/intelFPGA/18.1/nios2eds/bin/gnu/H-x86_64-pc-linux-gnu/bin/../lib/gcc/nios2-elf/5.3.0/../../../../../H-x86_64-pc-linux-gnu/nios2-elf/lib/mno-hw-mul/libm.a
END GROUP
LOAD /home/leonardo/intelFPGA/18.1/nios2eds/bin/gnu/H-x86_64-pc-linux-gnu/bin/../lib/gcc/nios2-elf/5.3.0/mno-hw-mul/libgcc.a
                0x0000000000020000                __alt_mem_onchip_memory2_0 = 0x20000
                0x0000000000040000                __alt_mem_onchip_memory2_1 = 0x40000

.entry          0x0000000000020000       0x20
 *(.entry)
 .entry         0x0000000000020000       0x20 ../E3_bsp//obj/HAL/src/crt0.o
                0x0000000000020000                __reset

.exceptions     0x0000000000020020      0x210
                0x0000000000020020                PROVIDE (__ram_exceptions_start, ABSOLUTE (.))
                0x0000000000020020                . = ALIGN (0x20)
 *(.irq)
 *(.exceptions.entry.label)
 .exceptions.entry.label
                0x0000000000020020        0x0 ../E3_bsp//libhal_bsp.a(alt_irq_entry.o)
                0x0000000000020020                alt_irq_entry
 .exceptions.entry.label
                0x0000000000020020        0x0 ../E3_bsp//libhal_bsp.a(alt_exception_entry.o)
                0x0000000000020020                alt_exception
 *(.exceptions.entry.user)
 *(.exceptions.entry.ecc_fatal)
 *(.exceptions.entry)
 .exceptions.entry
                0x0000000000020020       0x54 ../E3_bsp//libhal_bsp.a(alt_exception_entry.o)
 *(.exceptions.irqtest.user)
 *(.exceptions.irqtest)
 .exceptions.irqtest
                0x0000000000020074       0x10 ../E3_bsp//libhal_bsp.a(alt_irq_entry.o)
 *(.exceptions.irqhandler.user)
 *(.exceptions.irqhandler)
 .exceptions.irqhandler
                0x0000000000020084        0x4 ../E3_bsp//libhal_bsp.a(alt_irq_entry.o)
 *(.exceptions.irqreturn.user)
 *(.exceptions.irqreturn)
 .exceptions.irqreturn
                0x0000000000020088        0x4 ../E3_bsp//libhal_bsp.a(alt_irq_entry.o)
 *(.exceptions.notirq.label)
 .exceptions.notirq.label
                0x000000000002008c        0x0 ../E3_bsp//libhal_bsp.a(alt_irq_entry.o)
 *(.exceptions.notirq.user)
 *(.exceptions.notirq)
 .exceptions.notirq
                0x000000000002008c        0x8 ../E3_bsp//libhal_bsp.a(alt_exception_entry.o)
 *(.exceptions.soft.user)
 *(.exceptions.soft)
 *(.exceptions.unknown.user)
 *(.exceptions.unknown)
 .exceptions.unknown
                0x0000000000020094       0x14 ../E3_bsp//libhal_bsp.a(alt_exception_entry.o)
 *(.exceptions.exit.label)
 .exceptions.exit.label
                0x00000000000200a8        0x0 ../E3_bsp//libhal_bsp.a(alt_irq_entry.o)
 .exceptions.exit.label
                0x00000000000200a8        0x0 ../E3_bsp//libhal_bsp.a(alt_exception_entry.o)
 *(.exceptions.exit.user)
 *(.exceptions.exit)
 .exceptions.exit
                0x00000000000200a8       0x54 ../E3_bsp//libhal_bsp.a(alt_exception_entry.o)
 *(.exceptions)
 .exceptions    0x00000000000200fc       0xd4 ../E3_bsp//libhal_bsp.a(alt_irq_handler.o)
                0x00000000000200fc                alt_irq_handler
 .exceptions    0x00000000000201d0       0x60 ../E3_bsp//libhal_bsp.a(alt_instruction_exception_entry.o)
                0x00000000000201d0                alt_instruction_exception_entry
                0x0000000000020230                PROVIDE (__ram_exceptions_end, ABSOLUTE (.))
                0x0000000000020020                PROVIDE (__flash_exceptions_start, LOADADDR (.exceptions))

.text           0x0000000000020230     0xf9d8
                [!provide]                        PROVIDE (stext, ABSOLUTE (.))
 *(.interp)
 *(.hash)
 *(.dynsym)
 *(.dynstr)
 *(.gnu.version)
 *(.gnu.version_d)
 *(.gnu.version_r)
 *(.rel.init)
 *(.rela.init)
 *(.rel.text .rel.text.* .rel.gnu.linkonce.t.*)
 *(.rela.text .rela.text.* .rela.gnu.linkonce.t.*)
 *(.rel.fini)
 *(.rela.fini)
 *(.rel.rodata .rel.rodata.* .rel.gnu.linkonce.r.*)
 *(.rela.rodata .rela.rodata.* .rela.gnu.linkonce.r.*)
 *(.rel.data .rel.data.* .rel.gnu.linkonce.d.*)
 *(.rela.data .rela.data.* .rela.gnu.linkonce.d.*)
 *(.rel.tdata .rel.tdata.* .rel.gnu.linkonce.td.*)
 *(.rela.tdata .rela.tdata.* .rela.gnu.linkonce.td.*)
 *(.rel.tbss .rel.tbss.* .rel.gnu.linkonce.tb.*)
 *(.rela.tbss .rela.tbss.* .rela.gnu.linkonce.tb.*)
 *(.rel.ctors)
 *(.rela.ctors)
 *(.rel.dtors)
 *(.rela.dtors)
 *(.rel.got)
 *(.rela.got)
 *(.rel.sdata .rel.sdata.* .rel.gnu.linkonce.s.*)
 *(.rela.sdata .rela.sdata.* .rela.gnu.linkonce.s.*)
 *(.rel.sbss .rel.sbss.* .rel.gnu.linkonce.sb.*)
 *(.rela.sbss .rela.sbss.* .rela.gnu.linkonce.sb.*)
 *(.rel.sdata2 .rel.sdata2.* .rel.gnu.linkonce.s2.*)
 *(.rela.sdata2 .rela.sdata2.* .rela.gnu.linkonce.s2.*)
 *(.rel.sbss2 .rel.sbss2.* .rel.gnu.linkonce.sb2.*)
 *(.rela.sbss2 .rela.sbss2.* .rela.gnu.linkonce.sb2.*)
 *(.rel.bss .rel.bss.* .rel.gnu.linkonce.b.*)
 *(.rela.bss .rela.bss.* .rela.gnu.linkonce.b.*)
 *(.rel.plt)
 *(.rela.plt)
 *(.rel.dyn)
 *(.init)
 *(.plt)
 *(.text .stub .text.* .gnu.linkonce.t.*)
 .text          0x0000000000020230       0x3c ../E3_bsp//obj/HAL/src/crt0.o
                0x0000000000020230                _start
 .text          0x000000000002026c      0x240 obj/default/hello_world.o
                0x000000000002026c                PS2_init
                0x00000000000202c0                PS2_halt
                0x00000000000202ec                PS2_read_clickLeft
                0x0000000000020318                PS2_read_clickRight
                0x0000000000020344                PS2_read_clickMid
                0x0000000000020370                PS2_read_x
                0x000000000002039c                PS2_read_y
                0x00000000000203d4                main
 .text          0x00000000000204ac        0x0 /home/leonardo/intelFPGA/18.1/nios2eds/bin/gnu/H-x86_64-pc-linux-gnu/bin/../lib/gcc/nios2-elf/5.3.0/../../../../../H-x86_64-pc-linux-gnu/nios2-elf/lib/mno-hw-mul/libc.a(lib_a-printf.o)
 .text._printf_r
                0x00000000000204ac       0x30 /home/leonardo/intelFPGA/18.1/nios2eds/bin/gnu/H-x86_64-pc-linux-gnu/bin/../lib/gcc/nios2-elf/5.3.0/../../../../../H-x86_64-pc-linux-gnu/nios2-elf/lib/mno-hw-mul/libc.a(lib_a-printf.o)
                0x00000000000204ac                _printf_r
 .text.printf   0x00000000000204dc       0x3c /home/leonardo/intelFPGA/18.1/nios2eds/bin/gnu/H-x86_64-pc-linux-gnu/bin/../lib/gcc/nios2-elf/5.3.0/../../../../../H-x86_64-pc-linux-gnu/nios2-elf/lib/mno-hw-mul/libc.a(lib_a-printf.o)
                0x00000000000204dc                printf
 .text          0x0000000000020518        0x0 /home/leonardo/intelFPGA/18.1/nios2eds/bin/gnu/H-x86_64-pc-linux-gnu/bin/../lib/gcc/nios2-elf/5.3.0/../../../../../H-x86_64-pc-linux-gnu/nios2-elf/lib/mno-hw-mul/libc.a(lib_a-puts.o)
 .text._puts_r  0x0000000000020518       0xc0 /home/leonardo/intelFPGA/18.1/nios2eds/bin/gnu/H-x86_64-pc-linux-gnu/bin/../lib/gcc/nios2-elf/5.3.0/../../../../../H-x86_64-pc-linux-gnu/nios2-elf/lib/mno-hw-mul/libc.a(lib_a-puts.o)
                0x0000000000020518                _puts_r
 .text.puts     0x00000000000205d8       0x14 /home/leonardo/intelFPGA/18.1/nios2eds/bin/gnu/H-x86_64-pc-linux-gnu/bin/../lib/gcc/nios2-elf/5.3.0/../../../../../H-x86_64-pc-linux-gnu/nios2-elf/lib/mno-hw-mul/libc.a(lib_a-puts.o)
                0x00000000000205d8                puts
 .text          0x00000000000205ec        0x0 /home/leonardo/intelFPGA/18.1/nios2eds/bin/gnu/H-x86_64-pc-linux-gnu/bin/../lib/gcc/nios2-elf/5.3.0/../../../../../H-x86_64-pc-linux-gnu/nios2-elf/lib/mno-hw-mul/libc.a(lib_a-strlen.o)
 .text.strlen   0x00000000000205ec       0x98 /home/leonardo/intelFPGA/18.1/nios2eds/bin/gnu/H-x86_64-pc-linux-gnu/bin/../lib/gcc/nios2-elf/5.3.0/../../../../../H-x86_64-pc-linux-gnu/nios2-elf/lib/mno-hw-mul/libc.a(lib_a-strlen.o)
                0x00000000000205ec                strlen
 .text          0x0000000000020684        0x0 /home/leonardo/intelFPGA/18.1/nios2eds/bin/gnu/H-x86_64-pc-linux-gnu/bin/../lib/gcc/nios2-elf/5.3.0/../../../../../H-x86_64-pc-linux-gnu/nios2-elf/lib/mno-hw-mul/libc.a(lib_a-vfprintf.o)
 .text.___vfprintf_internal_r
                0x0000000000020684     0x22dc /home/leonardo/intelFPGA/18.1/nios2eds/bin/gnu/H-x86_64-pc-linux-gnu/bin/../lib/gcc/nios2-elf/5.3.0/../../../../../H-x86_64-pc-linux-gnu/nios2-elf/lib/mno-hw-mul/libc.a(lib_a-vfprintf.o)
                0x0000000000020684                ___vfprintf_internal_r
 .text.__vfprintf_internal
                0x0000000000022960       0x1c /home/leonardo/intelFPGA/18.1/nios2eds/bin/gnu/H-x86_64-pc-linux-gnu/bin/../lib/gcc/nios2-elf/5.3.0/../../../../../H-x86_64-pc-linux-gnu/nios2-elf/lib/mno-hw-mul/libc.a(lib_a-vfprintf.o)
                0x0000000000022960                __vfprintf_internal
 .text.__sbprintf
                0x000000000002297c       0xbc /home/leonardo/intelFPGA/18.1/nios2eds/bin/gnu/H-x86_64-pc-linux-gnu/bin/../lib/gcc/nios2-elf/5.3.0/../../../../../H-x86_64-pc-linux-gnu/nios2-elf/lib/mno-hw-mul/libc.a(lib_a-vfprintf.o)
 .text          0x0000000000022a38        0x0 /home/leonardo/intelFPGA/18.1/nios2eds/bin/gnu/H-x86_64-pc-linux-gnu/bin/../lib/gcc/nios2-elf/5.3.0/../../../../../H-x86_64-pc-linux-gnu/nios2-elf/lib/mno-hw-mul/libc.a(lib_a-wsetup.o)
 .text.__swsetup_r
                0x0000000000022a38      0x154 /home/leonardo/intelFPGA/18.1/nios2eds/bin/gnu/H-x86_64-pc-linux-gnu/bin/../lib/gcc/nios2-elf/5.3.0/../../../../../H-x86_64-pc-linux-gnu/nios2-elf/lib/mno-hw-mul/libc.a(lib_a-wsetup.o)
                0x0000000000022a38                __swsetup_r
 .text          0x0000000000022b8c        0x0 /home/leonardo/intelFPGA/18.1/nios2eds/bin/gnu/H-x86_64-pc-linux-gnu/bin/../lib/gcc/nios2-elf/5.3.0/../../../../../H-x86_64-pc-linux-gnu/nios2-elf/lib/mno-hw-mul/libc.a(lib_a-dtoa.o)
 .text.quorem   0x0000000000022b8c      0x228 /home/leonardo/intelFPGA/18.1/nios2eds/bin/gnu/H-x86_64-pc-linux-gnu/bin/../lib/gcc/nios2-elf/5.3.0/../../../../../H-x86_64-pc-linux-gnu/nios2-elf/lib/mno-hw-mul/libc.a(lib_a-dtoa.o)
 .text._dtoa_r  0x0000000000022db4     0x1688 /home/leonardo/intelFPGA/18.1/nios2eds/bin/gnu/H-x86_64-pc-linux-gnu/bin/../lib/gcc/nios2-elf/5.3.0/../../../../../H-x86_64-pc-linux-gnu/nios2-elf/lib/mno-hw-mul/libc.a(lib_a-dtoa.o)
                0x0000000000022db4                _dtoa_r
 .text          0x000000000002443c        0x0 /home/leonardo/intelFPGA/18.1/nios2eds/bin/gnu/H-x86_64-pc-linux-gnu/bin/../lib/gcc/nios2-elf/5.3.0/../../../../../H-x86_64-pc-linux-gnu/nios2-elf/lib/mno-hw-mul/libc.a(lib_a-fflush.o)
 .text.__sflush_r
                0x000000000002443c      0x21c /home/leonardo/intelFPGA/18.1/nios2eds/bin/gnu/H-x86_64-pc-linux-gnu/bin/../lib/gcc/nios2-elf/5.3.0/../../../../../H-x86_64-pc-linux-gnu/nios2-elf/lib/mno-hw-mul/libc.a(lib_a-fflush.o)
                0x000000000002443c                __sflush_r
 .text._fflush_r
                0x0000000000024658       0x5c /home/leonardo/intelFPGA/18.1/nios2eds/bin/gnu/H-x86_64-pc-linux-gnu/bin/../lib/gcc/nios2-elf/5.3.0/../../../../../H-x86_64-pc-linux-gnu/nios2-elf/lib/mno-hw-mul/libc.a(lib_a-fflush.o)
                0x0000000000024658                _fflush_r
 .text.fflush   0x00000000000246b4       0x30 /home/leonardo/intelFPGA/18.1/nios2eds/bin/gnu/H-x86_64-pc-linux-gnu/bin/../lib/gcc/nios2-elf/5.3.0/../../../../../H-x86_64-pc-linux-gnu/nios2-elf/lib/mno-hw-mul/libc.a(lib_a-fflush.o)
                0x00000000000246b4                fflush
 .text          0x00000000000246e4        0x0 /home/leonardo/intelFPGA/18.1/nios2eds/bin/gnu/H-x86_64-pc-linux-gnu/bin/../lib/gcc/nios2-elf/5.3.0/../../../../../H-x86_64-pc-linux-gnu/nios2-elf/lib/mno-hw-mul/libc.a(lib_a-findfp.o)
 .text.__fp_unlock
                0x00000000000246e4        0x8 /home/leonardo/intelFPGA/18.1/nios2eds/bin/gnu/H-x86_64-pc-linux-gnu/bin/../lib/gcc/nios2-elf/5.3.0/../../../../../H-x86_64-pc-linux-gnu/nios2-elf/lib/mno-hw-mul/libc.a(lib_a-findfp.o)
 .text._cleanup_r
                0x00000000000246ec        0xc /home/leonardo/intelFPGA/18.1/nios2eds/bin/gnu/H-x86_64-pc-linux-gnu/bin/../lib/gcc/nios2-elf/5.3.0/../../../../../H-x86_64-pc-linux-gnu/nios2-elf/lib/mno-hw-mul/libc.a(lib_a-findfp.o)
                0x00000000000246ec                _cleanup_r
 .text.__sinit.part.1
                0x00000000000246f8      0x19c /home/leonardo/intelFPGA/18.1/nios2eds/bin/gnu/H-x86_64-pc-linux-gnu/bin/../lib/gcc/nios2-elf/5.3.0/../../../../../H-x86_64-pc-linux-gnu/nios2-elf/lib/mno-hw-mul/libc.a(lib_a-findfp.o)
 .text.__fp_lock
                0x0000000000024894        0x8 /home/leonardo/intelFPGA/18.1/nios2eds/bin/gnu/H-x86_64-pc-linux-gnu/bin/../lib/gcc/nios2-elf/5.3.0/../../../../../H-x86_64-pc-linux-gnu/nios2-elf/lib/mno-hw-mul/libc.a(lib_a-findfp.o)
 .text.__sfmoreglue
                0x000000000002489c       0x78 /home/leonardo/intelFPGA/18.1/nios2eds/bin/gnu/H-x86_64-pc-linux-gnu/bin/../lib/gcc/nios2-elf/5.3.0/../../../../../H-x86_64-pc-linux-gnu/nios2-elf/lib/mno-hw-mul/libc.a(lib_a-findfp.o)
                0x000000000002489c                __sfmoreglue
 .text.__sfp    0x0000000000024914      0x118 /home/leonardo/intelFPGA/18.1/nios2eds/bin/gnu/H-x86_64-pc-linux-gnu/bin/../lib/gcc/nios2-elf/5.3.0/../../../../../H-x86_64-pc-linux-gnu/nios2-elf/lib/mno-hw-mul/libc.a(lib_a-findfp.o)
                0x0000000000024914                __sfp
 .text._cleanup
                0x0000000000024a2c       0x18 /home/leonardo/intelFPGA/18.1/nios2eds/bin/gnu/H-x86_64-pc-linux-gnu/bin/../lib/gcc/nios2-elf/5.3.0/../../../../../H-x86_64-pc-linux-gnu/nios2-elf/lib/mno-hw-mul/libc.a(lib_a-findfp.o)
                0x0000000000024a2c                _cleanup
 .text.__sinit  0x0000000000024a44       0x10 /home/leonardo/intelFPGA/18.1/nios2eds/bin/gnu/H-x86_64-pc-linux-gnu/bin/../lib/gcc/nios2-elf/5.3.0/../../../../../H-x86_64-pc-linux-gnu/nios2-elf/lib/mno-hw-mul/libc.a(lib_a-findfp.o)
                0x0000000000024a44                __sinit
 .text.__sfp_lock_acquire
                0x0000000000024a54        0x4 /home/leonardo/intelFPGA/18.1/nios2eds/bin/gnu/H-x86_64-pc-linux-gnu/bin/../lib/gcc/nios2-elf/5.3.0/../../../../../H-x86_64-pc-linux-gnu/nios2-elf/lib/mno-hw-mul/libc.a(lib_a-findfp.o)
                0x0000000000024a54                __sfp_lock_acquire
 .text.__sfp_lock_release
                0x0000000000024a58        0x4 /home/leonardo/intelFPGA/18.1/nios2eds/bin/gnu/H-x86_64-pc-linux-gnu/bin/../lib/gcc/nios2-elf/5.3.0/../../../../../H-x86_64-pc-linux-gnu/nios2-elf/lib/mno-hw-mul/libc.a(lib_a-findfp.o)
                0x0000000000024a58                __sfp_lock_release
 .text.__sinit_lock_acquire
                0x0000000000024a5c        0x4 /home/leonardo/intelFPGA/18.1/nios2eds/bin/gnu/H-x86_64-pc-linux-gnu/bin/../lib/gcc/nios2-elf/5.3.0/../../../../../H-x86_64-pc-linux-gnu/nios2-elf/lib/mno-hw-mul/libc.a(lib_a-findfp.o)
                0x0000000000024a5c                __sinit_lock_acquire
 .text.__sinit_lock_release
                0x0000000000024a60        0x4 /home/leonardo/intelFPGA/18.1/nios2eds/bin/gnu/H-x86_64-pc-linux-gnu/bin/../lib/gcc/nios2-elf/5.3.0/../../../../../H-x86_64-pc-linux-gnu/nios2-elf/lib/mno-hw-mul/libc.a(lib_a-findfp.o)
                0x0000000000024a60                __sinit_lock_release
 .text.__fp_lock_all
                0x0000000000024a64       0x18 /home/leonardo/intelFPGA/18.1/nios2eds/bin/gnu/H-x86_64-pc-linux-gnu/bin/../lib/gcc/nios2-elf/5.3.0/../../../../../H-x86_64-pc-linux-gnu/nios2-elf/lib/mno-hw-mul/libc.a(lib_a-findfp.o)
                0x0000000000024a64                __fp_lock_all
 .text.__fp_unlock_all
                0x0000000000024a7c       0x18 /home/leonardo/intelFPGA/18.1/nios2eds/bin/gnu/H-x86_64-pc-linux-gnu/bin/../lib/gcc/nios2-elf/5.3.0/../../../../../H-x86_64-pc-linux-gnu/nios2-elf/lib/mno-hw-mul/libc.a(lib_a-findfp.o)
                0x0000000000024a7c                __fp_unlock_all
 .text          0x0000000000024a94        0x0 /home/leonardo/intelFPGA/18.1/nios2eds/bin/gnu/H-x86_64-pc-linux-gnu/bin/../lib/gcc/nios2-elf/5.3.0/../../../../../H-x86_64-pc-linux-gnu/nios2-elf/lib/mno-hw-mul/libc.a(lib_a-freer.o)
 .text._malloc_trim_r
                0x0000000000024a94      0x124 /home/leonardo/intelFPGA/18.1/nios2eds/bin/gnu/H-x86_64-pc-linux-gnu/bin/../lib/gcc/nios2-elf/5.3.0/../../../../../H-x86_64-pc-linux-gnu/nios2-elf/lib/mno-hw-mul/libc.a(lib_a-freer.o)
                0x0000000000024a94                _malloc_trim_r
 .text._free_r  0x0000000000024bb8      0x310 /home/leonardo/intelFPGA/18.1/nios2eds/bin/gnu/H-x86_64-pc-linux-gnu/bin/../lib/gcc/nios2-elf/5.3.0/../../../../../H-x86_64-pc-linux-gnu/nios2-elf/lib/mno-hw-mul/libc.a(lib_a-freer.o)
                0x0000000000024bb8                _free_r
 .text          0x0000000000024ec8        0x0 /home/leonardo/intelFPGA/18.1/nios2eds/bin/gnu/H-x86_64-pc-linux-gnu/bin/../lib/gcc/nios2-elf/5.3.0/../../../../../H-x86_64-pc-linux-gnu/nios2-elf/lib/mno-hw-mul/libc.a(lib_a-fvwrite.o)
 .text.__sfvwrite_r
                0x0000000000024ec8      0x4c8 /home/leonardo/intelFPGA/18.1/nios2eds/bin/gnu/H-x86_64-pc-linux-gnu/bin/../lib/gcc/nios2-elf/5.3.0/../../../../../H-x86_64-pc-linux-gnu/nios2-elf/lib/mno-hw-mul/libc.a(lib_a-fvwrite.o)
                0x0000000000024ec8                __sfvwrite_r
 .text          0x0000000000025390        0x0 /home/leonardo/intelFPGA/18.1/nios2eds/bin/gnu/H-x86_64-pc-linux-gnu/bin/../lib/gcc/nios2-elf/5.3.0/../../../../../H-x86_64-pc-linux-gnu/nios2-elf/lib/mno-hw-mul/libc.a(lib_a-fwalk.o)
 .text._fwalk   0x0000000000025390       0xc4 /home/leonardo/intelFPGA/18.1/nios2eds/bin/gnu/H-x86_64-pc-linux-gnu/bin/../lib/gcc/nios2-elf/5.3.0/../../../../../H-x86_64-pc-linux-gnu/nios2-elf/lib/mno-hw-mul/libc.a(lib_a-fwalk.o)
                0x0000000000025390                _fwalk
 .text._fwalk_reent
                0x0000000000025454       0xc4 /home/leonardo/intelFPGA/18.1/nios2eds/bin/gnu/H-x86_64-pc-linux-gnu/bin/../lib/gcc/nios2-elf/5.3.0/../../../../../H-x86_64-pc-linux-gnu/nios2-elf/lib/mno-hw-mul/libc.a(lib_a-fwalk.o)
                0x0000000000025454                _fwalk_reent
 .text          0x0000000000025518        0x0 /home/leonardo/intelFPGA/18.1/nios2eds/bin/gnu/H-x86_64-pc-linux-gnu/bin/../lib/gcc/nios2-elf/5.3.0/../../../../../H-x86_64-pc-linux-gnu/nios2-elf/lib/mno-hw-mul/libc.a(lib_a-impure.o)
 .text          0x0000000000025518        0x0 /home/leonardo/intelFPGA/18.1/nios2eds/bin/gnu/H-x86_64-pc-linux-gnu/bin/../lib/gcc/nios2-elf/5.3.0/../../../../../H-x86_64-pc-linux-gnu/nios2-elf/lib/mno-hw-mul/libc.a(lib_a-locale.o)
 .text._setlocale_r
                0x0000000000025518       0x7c /home/leonardo/intelFPGA/18.1/nios2eds/bin/gnu/H-x86_64-pc-linux-gnu/bin/../lib/gcc/nios2-elf/5.3.0/../../../../../H-x86_64-pc-linux-gnu/nios2-elf/lib/mno-hw-mul/libc.a(lib_a-locale.o)
                0x0000000000025518                _setlocale_r
 .text.__locale_charset
                0x0000000000025594        0xc /home/leonardo/intelFPGA/18.1/nios2eds/bin/gnu/H-x86_64-pc-linux-gnu/bin/../lib/gcc/nios2-elf/5.3.0/../../../../../H-x86_64-pc-linux-gnu/nios2-elf/lib/mno-hw-mul/libc.a(lib_a-locale.o)
                0x0000000000025594                __locale_charset
 .text.__locale_mb_cur_max
                0x00000000000255a0       0x10 /home/leonardo/intelFPGA/18.1/nios2eds/bin/gnu/H-x86_64-pc-linux-gnu/bin/../lib/gcc/nios2-elf/5.3.0/../../../../../H-x86_64-pc-linux-gnu/nios2-elf/lib/mno-hw-mul/libc.a(lib_a-locale.o)
                0x00000000000255a0                __locale_mb_cur_max
 .text.__locale_msgcharset
                0x00000000000255b0        0xc /home/leonardo/intelFPGA/18.1/nios2eds/bin/gnu/H-x86_64-pc-linux-gnu/bin/../lib/gcc/nios2-elf/5.3.0/../../../../../H-x86_64-pc-linux-gnu/nios2-elf/lib/mno-hw-mul/libc.a(lib_a-locale.o)
                0x00000000000255b0                __locale_msgcharset
 .text.__locale_cjk_lang
                0x00000000000255bc        0x8 /home/leonardo/intelFPGA/18.1/nios2eds/bin/gnu/H-x86_64-pc-linux-gnu/bin/../lib/gcc/nios2-elf/5.3.0/../../../../../H-x86_64-pc-linux-gnu/nios2-elf/lib/mno-hw-mul/libc.a(lib_a-locale.o)
                0x00000000000255bc                __locale_cjk_lang
 .text._localeconv_r
                0x00000000000255c4        0xc /home/leonardo/intelFPGA/18.1/nios2eds/bin/gnu/H-x86_64-pc-linux-gnu/bin/../lib/gcc/nios2-elf/5.3.0/../../../../../H-x86_64-pc-linux-gnu/nios2-elf/lib/mno-hw-mul/libc.a(lib_a-locale.o)
                0x00000000000255c4                _localeconv_r
 .text.setlocale
                0x00000000000255d0       0x18 /home/leonardo/intelFPGA/18.1/nios2eds/bin/gnu/H-x86_64-pc-linux-gnu/bin/../lib/gcc/nios2-elf/5.3.0/../../../../../H-x86_64-pc-linux-gnu/nios2-elf/lib/mno-hw-mul/libc.a(lib_a-locale.o)
                0x00000000000255d0                setlocale
 .text.localeconv
                0x00000000000255e8        0xc /home/leonardo/intelFPGA/18.1/nios2eds/bin/gnu/H-x86_64-pc-linux-gnu/bin/../lib/gcc/nios2-elf/5.3.0/../../../../../H-x86_64-pc-linux-gnu/nios2-elf/lib/mno-hw-mul/libc.a(lib_a-locale.o)
                0x00000000000255e8                localeconv
 .text          0x00000000000255f4        0x0 /home/leonardo/intelFPGA/18.1/nios2eds/bin/gnu/H-x86_64-pc-linux-gnu/bin/../lib/gcc/nios2-elf/5.3.0/../../../../../H-x86_64-pc-linux-gnu/nios2-elf/lib/mno-hw-mul/libc.a(lib_a-makebuf.o)
 .text.__smakebuf_r
                0x00000000000255f4      0x1bc /home/leonardo/intelFPGA/18.1/nios2eds/bin/gnu/H-x86_64-pc-linux-gnu/bin/../lib/gcc/nios2-elf/5.3.0/../../../../../H-x86_64-pc-linux-gnu/nios2-elf/lib/mno-hw-mul/libc.a(lib_a-makebuf.o)
                0x00000000000255f4                __smakebuf_r
 .text          0x00000000000257b0        0x0 /home/leonardo/intelFPGA/18.1/nios2eds/bin/gnu/H-x86_64-pc-linux-gnu/bin/../lib/gcc/nios2-elf/5.3.0/../../../../../H-x86_64-pc-linux-gnu/nios2-elf/lib/mno-hw-mul/libc.a(lib_a-mallocr.o)
 .text._malloc_r
                0x00000000000257b0      0x80c /home/leonardo/intelFPGA/18.1/nios2eds/bin/gnu/H-x86_64-pc-linux-gnu/bin/../lib/gcc/nios2-elf/5.3.0/../../../../../H-x86_64-pc-linux-gnu/nios2-elf/lib/mno-hw-mul/libc.a(lib_a-mallocr.o)
                0x00000000000257b0                _malloc_r
 .text          0x0000000000025fbc        0x0 /home/leonardo/intelFPGA/18.1/nios2eds/bin/gnu/H-x86_64-pc-linux-gnu/bin/../lib/gcc/nios2-elf/5.3.0/../../../../../H-x86_64-pc-linux-gnu/nios2-elf/lib/mno-hw-mul/libc.a(lib_a-memchr.o)
 .text.memchr   0x0000000000025fbc       0xe4 /home/leonardo/intelFPGA/18.1/nios2eds/bin/gnu/H-x86_64-pc-linux-gnu/bin/../lib/gcc/nios2-elf/5.3.0/../../../../../H-x86_64-pc-linux-gnu/nios2-elf/lib/mno-hw-mul/libc.a(lib_a-memchr.o)
                0x0000000000025fbc                memchr
 .text          0x00000000000260a0        0x0 /home/leonardo/intelFPGA/18.1/nios2eds/bin/gnu/H-x86_64-pc-linux-gnu/bin/../lib/gcc/nios2-elf/5.3.0/../../../../../H-x86_64-pc-linux-gnu/nios2-elf/lib/mno-hw-mul/libc.a(lib_a-memcpy.o)
 .text.memcpy   0x00000000000260a0      0x148 /home/leonardo/intelFPGA/18.1/nios2eds/bin/gnu/H-x86_64-pc-linux-gnu/bin/../lib/gcc/nios2-elf/5.3.0/../../../../../H-x86_64-pc-linux-gnu/nios2-elf/lib/mno-hw-mul/libc.a(lib_a-memcpy.o)
                0x00000000000260a0                memcpy
 .text          0x00000000000261e8        0x0 /home/leonardo/intelFPGA/18.1/nios2eds/bin/gnu/H-x86_64-pc-linux-gnu/bin/../lib/gcc/nios2-elf/5.3.0/../../../../../H-x86_64-pc-linux-gnu/nios2-elf/lib/mno-hw-mul/libc.a(lib_a-memmove.o)
 .text.memmove  0x00000000000261e8      0x15c /home/leonardo/intelFPGA/18.1/nios2eds/bin/gnu/H-x86_64-pc-linux-gnu/bin/../lib/gcc/nios2-elf/5.3.0/../../../../../H-x86_64-pc-linux-gnu/nios2-elf/lib/mno-hw-mul/libc.a(lib_a-memmove.o)
                0x00000000000261e8                memmove
 .text          0x0000000000026344        0x0 /home/leonardo/intelFPGA/18.1/nios2eds/bin/gnu/H-x86_64-pc-linux-gnu/bin/../lib/gcc/nios2-elf/5.3.0/../../../../../H-x86_64-pc-linux-gnu/nios2-elf/lib/mno-hw-mul/libc.a(lib_a-memset.o)
 .text.memset   0x0000000000026344      0x128 /home/leonardo/intelFPGA/18.1/nios2eds/bin/gnu/H-x86_64-pc-linux-gnu/bin/../lib/gcc/nios2-elf/5.3.0/../../../../../H-x86_64-pc-linux-gnu/nios2-elf/lib/mno-hw-mul/libc.a(lib_a-memset.o)
                0x0000000000026344                memset
 .text          0x000000000002646c        0x0 /home/leonardo/intelFPGA/18.1/nios2eds/bin/gnu/H-x86_64-pc-linux-gnu/bin/../lib/gcc/nios2-elf/5.3.0/../../../../../H-x86_64-pc-linux-gnu/nios2-elf/lib/mno-hw-mul/libc.a(lib_a-mprec.o)
 .text._Balloc  0x000000000002646c       0xa8 /home/leonardo/intelFPGA/18.1/nios2eds/bin/gnu/H-x86_64-pc-linux-gnu/bin/../lib/gcc/nios2-elf/5.3.0/../../../../../H-x86_64-pc-linux-gnu/nios2-elf/lib/mno-hw-mul/libc.a(lib_a-mprec.o)
                0x000000000002646c                _Balloc
 .text._Bfree   0x0000000000026514       0x28 /home/leonardo/intelFPGA/18.1/nios2eds/bin/gnu/H-x86_64-pc-linux-gnu/bin/../lib/gcc/nios2-elf/5.3.0/../../../../../H-x86_64-pc-linux-gnu/nios2-elf/lib/mno-hw-mul/libc.a(lib_a-mprec.o)
                0x0000000000026514                _Bfree
 .text.__multadd
                0x000000000002653c      0x148 /home/leonardo/intelFPGA/18.1/nios2eds/bin/gnu/H-x86_64-pc-linux-gnu/bin/../lib/gcc/nios2-elf/5.3.0/../../../../../H-x86_64-pc-linux-gnu/nios2-elf/lib/mno-hw-mul/libc.a(lib_a-mprec.o)
                0x000000000002653c                __multadd
 .text.__s2b    0x0000000000026684      0x104 /home/leonardo/intelFPGA/18.1/nios2eds/bin/gnu/H-x86_64-pc-linux-gnu/bin/../lib/gcc/nios2-elf/5.3.0/../../../../../H-x86_64-pc-linux-gnu/nios2-elf/lib/mno-hw-mul/libc.a(lib_a-mprec.o)
                0x0000000000026684                __s2b
 .text.__hi0bits
                0x0000000000026788       0x68 /home/leonardo/intelFPGA/18.1/nios2eds/bin/gnu/H-x86_64-pc-linux-gnu/bin/../lib/gcc/nios2-elf/5.3.0/../../../../../H-x86_64-pc-linux-gnu/nios2-elf/lib/mno-hw-mul/libc.a(lib_a-mprec.o)
                0x0000000000026788                __hi0bits
 .text.__lo0bits
                0x00000000000267f0       0xb0 /home/leonardo/intelFPGA/18.1/nios2eds/bin/gnu/H-x86_64-pc-linux-gnu/bin/../lib/gcc/nios2-elf/5.3.0/../../../../../H-x86_64-pc-linux-gnu/nios2-elf/lib/mno-hw-mul/libc.a(lib_a-mprec.o)
                0x00000000000267f0                __lo0bits
 .text.__i2b    0x00000000000268a0       0x3c /home/leonardo/intelFPGA/18.1/nios2eds/bin/gnu/H-x86_64-pc-linux-gnu/bin/../lib/gcc/nios2-elf/5.3.0/../../../../../H-x86_64-pc-linux-gnu/nios2-elf/lib/mno-hw-mul/libc.a(lib_a-mprec.o)
                0x00000000000268a0                __i2b
 .text.__multiply
                0x00000000000268dc      0x28c /home/leonardo/intelFPGA/18.1/nios2eds/bin/gnu/H-x86_64-pc-linux-gnu/bin/../lib/gcc/nios2-elf/5.3.0/../../../../../H-x86_64-pc-linux-gnu/nios2-elf/lib/mno-hw-mul/libc.a(lib_a-mprec.o)
                0x00000000000268dc                __multiply
 .text.__pow5mult
                0x0000000000026b68      0x140 /home/leonardo/intelFPGA/18.1/nios2eds/bin/gnu/H-x86_64-pc-linux-gnu/bin/../lib/gcc/nios2-elf/5.3.0/../../../../../H-x86_64-pc-linux-gnu/nios2-elf/lib/mno-hw-mul/libc.a(lib_a-mprec.o)
                0x0000000000026b68                __pow5mult
 .text.__lshift
                0x0000000000026ca8      0x148 /home/leonardo/intelFPGA/18.1/nios2eds/bin/gnu/H-x86_64-pc-linux-gnu/bin/../lib/gcc/nios2-elf/5.3.0/../../../../../H-x86_64-pc-linux-gnu/nios2-elf/lib/mno-hw-mul/libc.a(lib_a-mprec.o)
                0x0000000000026ca8                __lshift
 .text.__mcmp   0x0000000000026df0       0x60 /home/leonardo/intelFPGA/18.1/nios2eds/bin/gnu/H-x86_64-pc-linux-gnu/bin/../lib/gcc/nios2-elf/5.3.0/../../../../../H-x86_64-pc-linux-gnu/nios2-elf/lib/mno-hw-mul/libc.a(lib_a-mprec.o)
                0x0000000000026df0                __mcmp
 .text.__mdiff  0x0000000000026e50      0x1fc /home/leonardo/intelFPGA/18.1/nios2eds/bin/gnu/H-x86_64-pc-linux-gnu/bin/../lib/gcc/nios2-elf/5.3.0/../../../../../H-x86_64-pc-linux-gnu/nios2-elf/lib/mno-hw-mul/libc.a(lib_a-mprec.o)
                0x0000000000026e50                __mdiff
 .text.__ulp    0x000000000002704c       0x64 /home/leonardo/intelFPGA/18.1/nios2eds/bin/gnu/H-x86_64-pc-linux-gnu/bin/../lib/gcc/nios2-elf/5.3.0/../../../../../H-x86_64-pc-linux-gnu/nios2-elf/lib/mno-hw-mul/libc.a(lib_a-mprec.o)
                0x000000000002704c                __ulp
 .text.__b2d    0x00000000000270b0      0x10c /home/leonardo/intelFPGA/18.1/nios2eds/bin/gnu/H-x86_64-pc-linux-gnu/bin/../lib/gcc/nios2-elf/5.3.0/../../../../../H-x86_64-pc-linux-gnu/nios2-elf/lib/mno-hw-mul/libc.a(lib_a-mprec.o)
                0x00000000000270b0                __b2d
 .text.__d2b    0x00000000000271bc      0x14c /home/leonardo/intelFPGA/18.1/nios2eds/bin/gnu/H-x86_64-pc-linux-gnu/bin/../lib/gcc/nios2-elf/5.3.0/../../../../../H-x86_64-pc-linux-gnu/nios2-elf/lib/mno-hw-mul/libc.a(lib_a-mprec.o)
                0x00000000000271bc                __d2b
 .text.__ratio  0x0000000000027308       0xa4 /home/leonardo/intelFPGA/18.1/nios2eds/bin/gnu/H-x86_64-pc-linux-gnu/bin/../lib/gcc/nios2-elf/5.3.0/../../../../../H-x86_64-pc-linux-gnu/nios2-elf/lib/mno-hw-mul/libc.a(lib_a-mprec.o)
                0x0000000000027308                __ratio
 .text._mprec_log10
                0x00000000000273ac       0x74 /home/leonardo/intelFPGA/18.1/nios2eds/bin/gnu/H-x86_64-pc-linux-gnu/bin/../lib/gcc/nios2-elf/5.3.0/../../../../../H-x86_64-pc-linux-gnu/nios2-elf/lib/mno-hw-mul/libc.a(lib_a-mprec.o)
                0x00000000000273ac                _mprec_log10
 .text.__copybits
                0x0000000000027420       0x78 /home/leonardo/intelFPGA/18.1/nios2eds/bin/gnu/H-x86_64-pc-linux-gnu/bin/../lib/gcc/nios2-elf/5.3.0/../../../../../H-x86_64-pc-linux-gnu/nios2-elf/lib/mno-hw-mul/libc.a(lib_a-mprec.o)
                0x0000000000027420                __copybits
 .text.__any_on
                0x0000000000027498       0x8c /home/leonardo/intelFPGA/18.1/nios2eds/bin/gnu/H-x86_64-pc-linux-gnu/bin/../lib/gcc/nios2-elf/5.3.0/../../../../../H-x86_64-pc-linux-gnu/nios2-elf/lib/mno-hw-mul/libc.a(lib_a-mprec.o)
                0x0000000000027498                __any_on
 .text          0x0000000000027524        0x0 /home/leonardo/intelFPGA/18.1/nios2eds/bin/gnu/H-x86_64-pc-linux-gnu/bin/../lib/gcc/nios2-elf/5.3.0/../../../../../H-x86_64-pc-linux-gnu/nios2-elf/lib/mno-hw-mul/libc.a(lib_a-reallocr.o)
 .text._realloc_r
                0x0000000000027524      0x564 /home/leonardo/intelFPGA/18.1/nios2eds/bin/gnu/H-x86_64-pc-linux-gnu/bin/../lib/gcc/nios2-elf/5.3.0/../../../../../H-x86_64-pc-linux-gnu/nios2-elf/lib/mno-hw-mul/libc.a(lib_a-reallocr.o)
                0x0000000000027524                _realloc_r
 .text          0x0000000000027a88        0x0 /home/leonardo/intelFPGA/18.1/nios2eds/bin/gnu/H-x86_64-pc-linux-gnu/bin/../lib/gcc/nios2-elf/5.3.0/../../../../../H-x86_64-pc-linux-gnu/nios2-elf/lib/mno-hw-mul/libc.a(lib_a-s_fpclassify.o)
 .text.__fpclassifyd
                0x0000000000027a88       0x74 /home/leonardo/intelFPGA/18.1/nios2eds/bin/gnu/H-x86_64-pc-linux-gnu/bin/../lib/gcc/nios2-elf/5.3.0/../../../../../H-x86_64-pc-linux-gnu/nios2-elf/lib/mno-hw-mul/libc.a(lib_a-s_fpclassify.o)
                0x0000000000027a88                __fpclassifyd
 .text          0x0000000000027afc        0x0 /home/leonardo/intelFPGA/18.1/nios2eds/bin/gnu/H-x86_64-pc-linux-gnu/bin/../lib/gcc/nios2-elf/5.3.0/../../../../../H-x86_64-pc-linux-gnu/nios2-elf/lib/mno-hw-mul/libc.a(lib_a-sbrkr.o)
 .text._sbrk_r  0x0000000000027afc       0x54 /home/leonardo/intelFPGA/18.1/nios2eds/bin/gnu/H-x86_64-pc-linux-gnu/bin/../lib/gcc/nios2-elf/5.3.0/../../../../../H-x86_64-pc-linux-gnu/nios2-elf/lib/mno-hw-mul/libc.a(lib_a-sbrkr.o)
                0x0000000000027afc                _sbrk_r
 .text          0x0000000000027b50        0x0 /home/leonardo/intelFPGA/18.1/nios2eds/bin/gnu/H-x86_64-pc-linux-gnu/bin/../lib/gcc/nios2-elf/5.3.0/../../../../../H-x86_64-pc-linux-gnu/nios2-elf/lib/mno-hw-mul/libc.a(lib_a-stdio.o)
 .text.__sread  0x0000000000027b50       0x54 /home/leonardo/intelFPGA/18.1/nios2eds/bin/gnu/H-x86_64-pc-linux-gnu/bin/../lib/gcc/nios2-elf/5.3.0/../../../../../H-x86_64-pc-linux-gnu/nios2-elf/lib/mno-hw-mul/libc.a(lib_a-stdio.o)
                0x0000000000027b50                __sread
 .text.__seofread
                0x0000000000027ba4        0x8 /home/leonardo/intelFPGA/18.1/nios2eds/bin/gnu/H-x86_64-pc-linux-gnu/bin/../lib/gcc/nios2-elf/5.3.0/../../../../../H-x86_64-pc-linux-gnu/nios2-elf/lib/mno-hw-mul/libc.a(lib_a-stdio.o)
                0x0000000000027ba4                __seofread
 .text.__swrite
                0x0000000000027bac       0x7c /home/leonardo/intelFPGA/18.1/nios2eds/bin/gnu/H-x86_64-pc-linux-gnu/bin/../lib/gcc/nios2-elf/5.3.0/../../../../../H-x86_64-pc-linux-gnu/nios2-elf/lib/mno-hw-mul/libc.a(lib_a-stdio.o)
                0x0000000000027bac                __swrite
 .text.__sseek  0x0000000000027c28       0x5c /home/leonardo/intelFPGA/18.1/nios2eds/bin/gnu/H-x86_64-pc-linux-gnu/bin/../lib/gcc/nios2-elf/5.3.0/../../../../../H-x86_64-pc-linux-gnu/nios2-elf/lib/mno-hw-mul/libc.a(lib_a-stdio.o)
                0x0000000000027c28                __sseek
 .text.__sclose
                0x0000000000027c84        0x8 /home/leonardo/intelFPGA/18.1/nios2eds/bin/gnu/H-x86_64-pc-linux-gnu/bin/../lib/gcc/nios2-elf/5.3.0/../../../../../H-x86_64-pc-linux-gnu/nios2-elf/lib/mno-hw-mul/libc.a(lib_a-stdio.o)
                0x0000000000027c84                __sclose
 .text          0x0000000000027c8c        0x0 /home/leonardo/intelFPGA/18.1/nios2eds/bin/gnu/H-x86_64-pc-linux-gnu/bin/../lib/gcc/nios2-elf/5.3.0/../../../../../H-x86_64-pc-linux-gnu/nios2-elf/lib/mno-hw-mul/libc.a(lib_a-strcmp.o)
 .text.strcmp   0x0000000000027c8c       0xdc /home/leonardo/intelFPGA/18.1/nios2eds/bin/gnu/H-x86_64-pc-linux-gnu/bin/../lib/gcc/nios2-elf/5.3.0/../../../../../H-x86_64-pc-linux-gnu/nios2-elf/lib/mno-hw-mul/libc.a(lib_a-strcmp.o)
                0x0000000000027c8c                strcmp
 .text          0x0000000000027d68        0x0 /home/leonardo/intelFPGA/18.1/nios2eds/bin/gnu/H-x86_64-pc-linux-gnu/bin/../lib/gcc/nios2-elf/5.3.0/../../../../../H-x86_64-pc-linux-gnu/nios2-elf/lib/mno-hw-mul/libc.a(lib_a-vfiprintf.o)
 .text.__sprint_r.part.0
                0x0000000000027d68       0xfc /home/leonardo/intelFPGA/18.1/nios2eds/bin/gnu/H-x86_64-pc-linux-gnu/bin/../lib/gcc/nios2-elf/5.3.0/../../../../../H-x86_64-pc-linux-gnu/nios2-elf/lib/mno-hw-mul/libc.a(lib_a-vfiprintf.o)
 .text.__sprint_r
                0x0000000000027e64       0x18 /home/leonardo/intelFPGA/18.1/nios2eds/bin/gnu/H-x86_64-pc-linux-gnu/bin/../lib/gcc/nios2-elf/5.3.0/../../../../../H-x86_64-pc-linux-gnu/nios2-elf/lib/mno-hw-mul/libc.a(lib_a-vfiprintf.o)
                0x0000000000027e64                __sprint_r
 .text.___vfiprintf_internal_r
                0x0000000000027e7c     0x150c /home/leonardo/intelFPGA/18.1/nios2eds/bin/gnu/H-x86_64-pc-linux-gnu/bin/../lib/gcc/nios2-elf/5.3.0/../../../../../H-x86_64-pc-linux-gnu/nios2-elf/lib/mno-hw-mul/libc.a(lib_a-vfiprintf.o)
                0x0000000000027e7c                ___vfiprintf_internal_r
 .text.__vfiprintf_internal
                0x0000000000029388       0x1c /home/leonardo/intelFPGA/18.1/nios2eds/bin/gnu/H-x86_64-pc-linux-gnu/bin/../lib/gcc/nios2-elf/5.3.0/../../../../../H-x86_64-pc-linux-gnu/nios2-elf/lib/mno-hw-mul/libc.a(lib_a-vfiprintf.o)
                0x0000000000029388                __vfiprintf_internal
 .text.__sbprintf
                0x00000000000293a4       0xbc /home/leonardo/intelFPGA/18.1/nios2eds/bin/gnu/H-x86_64-pc-linux-gnu/bin/../lib/gcc/nios2-elf/5.3.0/../../../../../H-x86_64-pc-linux-gnu/nios2-elf/lib/mno-hw-mul/libc.a(lib_a-vfiprintf.o)
 .text          0x0000000000029460        0x0 /home/leonardo/intelFPGA/18.1/nios2eds/bin/gnu/H-x86_64-pc-linux-gnu/bin/../lib/gcc/nios2-elf/5.3.0/../../../../../H-x86_64-pc-linux-gnu/nios2-elf/lib/mno-hw-mul/libc.a(lib_a-writer.o)
 .text._write_r
                0x0000000000029460       0x60 /home/leonardo/intelFPGA/18.1/nios2eds/bin/gnu/H-x86_64-pc-linux-gnu/bin/../lib/gcc/nios2-elf/5.3.0/../../../../../H-x86_64-pc-linux-gnu/nios2-elf/lib/mno-hw-mul/libc.a(lib_a-writer.o)
                0x0000000000029460                _write_r
 .text          0x00000000000294c0        0x0 /home/leonardo/intelFPGA/18.1/nios2eds/bin/gnu/H-x86_64-pc-linux-gnu/bin/../lib/gcc/nios2-elf/5.3.0/../../../../../H-x86_64-pc-linux-gnu/nios2-elf/lib/mno-hw-mul/libc.a(closer.o)
 .text._close_r
                0x00000000000294c0       0x54 /home/leonardo/intelFPGA/18.1/nios2eds/bin/gnu/H-x86_64-pc-linux-gnu/bin/../lib/gcc/nios2-elf/5.3.0/../../../../../H-x86_64-pc-linux-gnu/nios2-elf/lib/mno-hw-mul/libc.a(closer.o)
                0x00000000000294c0                _close_r
 .text          0x0000000000029514        0x0 /home/leonardo/intelFPGA/18.1/nios2eds/bin/gnu/H-x86_64-pc-linux-gnu/bin/../lib/gcc/nios2-elf/5.3.0/../../../../../H-x86_64-pc-linux-gnu/nios2-elf/lib/mno-hw-mul/libc.a(lib_a-callocr.o)
 .text._calloc_r
                0x0000000000029514       0xdc /home/leonardo/intelFPGA/18.1/nios2eds/bin/gnu/H-x86_64-pc-linux-gnu/bin/../lib/gcc/nios2-elf/5.3.0/../../../../../H-x86_64-pc-linux-gnu/nios2-elf/lib/mno-hw-mul/libc.a(lib_a-callocr.o)
                0x0000000000029514                _calloc_r
 .text          0x00000000000295f0        0x0 /home/leonardo/intelFPGA/18.1/nios2eds/bin/gnu/H-x86_64-pc-linux-gnu/bin/../lib/gcc/nios2-elf/5.3.0/../../../../../H-x86_64-pc-linux-gnu/nios2-elf/lib/mno-hw-mul/libc.a(lib_a-fclose.o)
 .text._fclose_r
                0x00000000000295f0       0xf0 /home/leonardo/intelFPGA/18.1/nios2eds/bin/gnu/H-x86_64-pc-linux-gnu/bin/../lib/gcc/nios2-elf/5.3.0/../../../../../H-x86_64-pc-linux-gnu/nios2-elf/lib/mno-hw-mul/libc.a(lib_a-fclose.o)
                0x00000000000295f0                _fclose_r
 .text.fclose   0x00000000000296e0       0x14 /home/leonardo/intelFPGA/18.1/nios2eds/bin/gnu/H-x86_64-pc-linux-gnu/bin/../lib/gcc/nios2-elf/5.3.0/../../../../../H-x86_64-pc-linux-gnu/nios2-elf/lib/mno-hw-mul/libc.a(lib_a-fclose.o)
                0x00000000000296e0                fclose
 .text          0x00000000000296f4        0x0 /home/leonardo/intelFPGA/18.1/nios2eds/bin/gnu/H-x86_64-pc-linux-gnu/bin/../lib/gcc/nios2-elf/5.3.0/../../../../../H-x86_64-pc-linux-gnu/nios2-elf/lib/mno-hw-mul/libc.a(lib_a-fputwc.o)
 .text.__fputwc
                0x00000000000296f4      0x164 /home/leonardo/intelFPGA/18.1/nios2eds/bin/gnu/H-x86_64-pc-linux-gnu/bin/../lib/gcc/nios2-elf/5.3.0/../../../../../H-x86_64-pc-linux-gnu/nios2-elf/lib/mno-hw-mul/libc.a(lib_a-fputwc.o)
                0x00000000000296f4                __fputwc
 .text._fputwc_r
                0x0000000000029858       0x24 /home/leonardo/intelFPGA/18.1/nios2eds/bin/gnu/H-x86_64-pc-linux-gnu/bin/../lib/gcc/nios2-elf/5.3.0/../../../../../H-x86_64-pc-linux-gnu/nios2-elf/lib/mno-hw-mul/libc.a(lib_a-fputwc.o)
                0x0000000000029858                _fputwc_r
 .text.fputwc   0x000000000002987c       0x80 /home/leonardo/intelFPGA/18.1/nios2eds/bin/gnu/H-x86_64-pc-linux-gnu/bin/../lib/gcc/nios2-elf/5.3.0/../../../../../H-x86_64-pc-linux-gnu/nios2-elf/lib/mno-hw-mul/libc.a(lib_a-fputwc.o)
                0x000000000002987c                fputwc
 .text          0x00000000000298fc        0x0 /home/leonardo/intelFPGA/18.1/nios2eds/bin/gnu/H-x86_64-pc-linux-gnu/bin/../lib/gcc/nios2-elf/5.3.0/../../../../../H-x86_64-pc-linux-gnu/nios2-elf/lib/mno-hw-mul/libc.a(lib_a-fstatr.o)
 .text._fstat_r
                0x00000000000298fc       0x5c /home/leonardo/intelFPGA/18.1/nios2eds/bin/gnu/H-x86_64-pc-linux-gnu/bin/../lib/gcc/nios2-elf/5.3.0/../../../../../H-x86_64-pc-linux-gnu/nios2-elf/lib/mno-hw-mul/libc.a(lib_a-fstatr.o)
                0x00000000000298fc                _fstat_r
 .text          0x0000000000029958        0x0 /home/leonardo/intelFPGA/18.1/nios2eds/bin/gnu/H-x86_64-pc-linux-gnu/bin/../lib/gcc/nios2-elf/5.3.0/../../../../../H-x86_64-pc-linux-gnu/nios2-elf/lib/mno-hw-mul/libc.a(lib_a-int_errno.o)
 .text          0x0000000000029958        0x0 /home/leonardo/intelFPGA/18.1/nios2eds/bin/gnu/H-x86_64-pc-linux-gnu/bin/../lib/gcc/nios2-elf/5.3.0/../../../../../H-x86_64-pc-linux-gnu/nios2-elf/lib/mno-hw-mul/libc.a(lib_a-isattyr.o)
 .text._isatty_r
                0x0000000000029958       0x54 /home/leonardo/intelFPGA/18.1/nios2eds/bin/gnu/H-x86_64-pc-linux-gnu/bin/../lib/gcc/nios2-elf/5.3.0/../../../../../H-x86_64-pc-linux-gnu/nios2-elf/lib/mno-hw-mul/libc.a(lib_a-isattyr.o)
                0x0000000000029958                _isatty_r
 .text          0x00000000000299ac        0x0 /home/leonardo/intelFPGA/18.1/nios2eds/bin/gnu/H-x86_64-pc-linux-gnu/bin/../lib/gcc/nios2-elf/5.3.0/../../../../../H-x86_64-pc-linux-gnu/nios2-elf/lib/mno-hw-mul/libc.a(lib_a-lseekr.o)
 .text._lseek_r
                0x00000000000299ac       0x60 /home/leonardo/intelFPGA/18.1/nios2eds/bin/gnu/H-x86_64-pc-linux-gnu/bin/../lib/gcc/nios2-elf/5.3.0/../../../../../H-x86_64-pc-linux-gnu/nios2-elf/lib/mno-hw-mul/libc.a(lib_a-lseekr.o)
                0x00000000000299ac                _lseek_r
 .text          0x0000000000029a0c        0x0 /home/leonardo/intelFPGA/18.1/nios2eds/bin/gnu/H-x86_64-pc-linux-gnu/bin/../lib/gcc/nios2-elf/5.3.0/../../../../../H-x86_64-pc-linux-gnu/nios2-elf/lib/mno-hw-mul/libc.a(lib_a-readr.o)
 .text._read_r  0x0000000000029a0c       0x60 /home/leonardo/intelFPGA/18.1/nios2eds/bin/gnu/H-x86_64-pc-linux-gnu/bin/../lib/gcc/nios2-elf/5.3.0/../../../../../H-x86_64-pc-linux-gnu/nios2-elf/lib/mno-hw-mul/libc.a(lib_a-readr.o)
                0x0000000000029a0c                _read_r
 .text          0x0000000000029a6c        0x0 /home/leonardo/intelFPGA/18.1/nios2eds/bin/gnu/H-x86_64-pc-linux-gnu/bin/../lib/gcc/nios2-elf/5.3.0/../../../../../H-x86_64-pc-linux-gnu/nios2-elf/lib/mno-hw-mul/libc.a(lib_a-wbuf.o)
 .text.__swbuf_r
                0x0000000000029a6c      0x140 /home/leonardo/intelFPGA/18.1/nios2eds/bin/gnu/H-x86_64-pc-linux-gnu/bin/../lib/gcc/nios2-elf/5.3.0/../../../../../H-x86_64-pc-linux-gnu/nios2-elf/lib/mno-hw-mul/libc.a(lib_a-wbuf.o)
                0x0000000000029a6c                __swbuf_r
 .text.__swbuf  0x0000000000029bac       0x18 /home/leonardo/intelFPGA/18.1/nios2eds/bin/gnu/H-x86_64-pc-linux-gnu/bin/../lib/gcc/nios2-elf/5.3.0/../../../../../H-x86_64-pc-linux-gnu/nios2-elf/lib/mno-hw-mul/libc.a(lib_a-wbuf.o)
                0x0000000000029bac                __swbuf
 .text          0x0000000000029bc4        0x0 /home/leonardo/intelFPGA/18.1/nios2eds/bin/gnu/H-x86_64-pc-linux-gnu/bin/../lib/gcc/nios2-elf/5.3.0/../../../../../H-x86_64-pc-linux-gnu/nios2-elf/lib/mno-hw-mul/libc.a(lib_a-wcrtomb.o)
 .text._wcrtomb_r
                0x0000000000029bc4       0x9c /home/leonardo/intelFPGA/18.1/nios2eds/bin/gnu/H-x86_64-pc-linux-gnu/bin/../lib/gcc/nios2-elf/5.3.0/../../../../../H-x86_64-pc-linux-gnu/nios2-elf/lib/mno-hw-mul/libc.a(lib_a-wcrtomb.o)
                0x0000000000029bc4                _wcrtomb_r
 .text.wcrtomb  0x0000000000029c60       0xc0 /home/leonardo/intelFPGA/18.1/nios2eds/bin/gnu/H-x86_64-pc-linux-gnu/bin/../lib/gcc/nios2-elf/5.3.0/../../../../../H-x86_64-pc-linux-gnu/nios2-elf/lib/mno-hw-mul/libc.a(lib_a-wcrtomb.o)
                0x0000000000029c60                wcrtomb
 .text          0x0000000000029d20        0x0 /home/leonardo/intelFPGA/18.1/nios2eds/bin/gnu/H-x86_64-pc-linux-gnu/bin/../lib/gcc/nios2-elf/5.3.0/../../../../../H-x86_64-pc-linux-gnu/nios2-elf/lib/mno-hw-mul/libc.a(lib_a-wctomb_r.o)
 .text.__ascii_wctomb
                0x0000000000029d20       0x30 /home/leonardo/intelFPGA/18.1/nios2eds/bin/gnu/H-x86_64-pc-linux-gnu/bin/../lib/gcc/nios2-elf/5.3.0/../../../../../H-x86_64-pc-linux-gnu/nios2-elf/lib/mno-hw-mul/libc.a(lib_a-wctomb_r.o)
                0x0000000000029d20                __ascii_wctomb
 .text._wctomb_r
                0x0000000000029d50       0x5c /home/leonardo/intelFPGA/18.1/nios2eds/bin/gnu/H-x86_64-pc-linux-gnu/bin/../lib/gcc/nios2-elf/5.3.0/../../../../../H-x86_64-pc-linux-gnu/nios2-elf/lib/mno-hw-mul/libc.a(lib_a-wctomb_r.o)
                0x0000000000029d50                _wctomb_r
 .text          0x0000000000029dac      0x5fc /home/leonardo/intelFPGA/18.1/nios2eds/bin/gnu/H-x86_64-pc-linux-gnu/bin/../lib/gcc/nios2-elf/5.3.0/mno-hw-mul/libgcc.a(_udivdi3.o)
                0x0000000000029dac                __udivdi3
 .text          0x000000000002a3a8      0x5c4 /home/leonardo/intelFPGA/18.1/nios2eds/bin/gnu/H-x86_64-pc-linux-gnu/bin/../lib/gcc/nios2-elf/5.3.0/mno-hw-mul/libgcc.a(_umoddi3.o)
                0x000000000002a3a8                __umoddi3
 .text          0x000000000002a96c      0x1b4 /home/leonardo/intelFPGA/18.1/nios2eds/bin/gnu/H-x86_64-pc-linux-gnu/bin/../lib/gcc/nios2-elf/5.3.0/mno-hw-mul/libgcc.a(lib2-divmod.o)
                0x000000000002a96c                __divsi3
                0x000000000002a9f0                __modsi3
                0x000000000002aa64                __udivsi3
                0x000000000002aac8                __umodsi3
 .text          0x000000000002ab20       0x28 /home/leonardo/intelFPGA/18.1/nios2eds/bin/gnu/H-x86_64-pc-linux-gnu/bin/../lib/gcc/nios2-elf/5.3.0/mno-hw-mul/libgcc.a(lib2-mul.o)
                0x000000000002ab20                __mulsi3
 .text          0x000000000002ab48      0x8ac /home/leonardo/intelFPGA/18.1/nios2eds/bin/gnu/H-x86_64-pc-linux-gnu/bin/../lib/gcc/nios2-elf/5.3.0/mno-hw-mul/libgcc.a(adddf3.o)
                0x000000000002ab48                __adddf3
 .text          0x000000000002b3f4      0x9d0 /home/leonardo/intelFPGA/18.1/nios2eds/bin/gnu/H-x86_64-pc-linux-gnu/bin/../lib/gcc/nios2-elf/5.3.0/mno-hw-mul/libgcc.a(divdf3.o)
                0x000000000002b3f4                __divdf3
 .text          0x000000000002bdc4       0x88 /home/leonardo/intelFPGA/18.1/nios2eds/bin/gnu/H-x86_64-pc-linux-gnu/bin/../lib/gcc/nios2-elf/5.3.0/mno-hw-mul/libgcc.a(eqdf2.o)
                0x000000000002bdc4                __eqdf2
                0x000000000002bdc4                __nedf2
 .text          0x000000000002be4c       0xdc /home/leonardo/intelFPGA/18.1/nios2eds/bin/gnu/H-x86_64-pc-linux-gnu/bin/../lib/gcc/nios2-elf/5.3.0/mno-hw-mul/libgcc.a(gedf2.o)
                0x000000000002be4c                __gtdf2
                0x000000000002be4c                __gedf2
 .text          0x000000000002bf28       0xf4 /home/leonardo/intelFPGA/18.1/nios2eds/bin/gnu/H-x86_64-pc-linux-gnu/bin/../lib/gcc/nios2-elf/5.3.0/mno-hw-mul/libgcc.a(ledf2.o)
                0x000000000002bf28                __ltdf2
                0x000000000002bf28                __ledf2
 .text          0x000000000002c01c      0x86c /home/leonardo/intelFPGA/18.1/nios2eds/bin/gnu/H-x86_64-pc-linux-gnu/bin/../lib/gcc/nios2-elf/5.3.0/mno-hw-mul/libgcc.a(muldf3.o)
                0x000000000002c01c                __muldf3
 .text          0x000000000002c888      0x8fc /home/leonardo/intelFPGA/18.1/nios2eds/bin/gnu/H-x86_64-pc-linux-gnu/bin/../lib/gcc/nios2-elf/5.3.0/mno-hw-mul/libgcc.a(subdf3.o)
                0x000000000002c888                __subdf3
 .text          0x000000000002d184       0x80 /home/leonardo/intelFPGA/18.1/nios2eds/bin/gnu/H-x86_64-pc-linux-gnu/bin/../lib/gcc/nios2-elf/5.3.0/mno-hw-mul/libgcc.a(fixdfsi.o)
                0x000000000002d184                __fixdfsi
 .text          0x000000000002d204       0xdc /home/leonardo/intelFPGA/18.1/nios2eds/bin/gnu/H-x86_64-pc-linux-gnu/bin/../lib/gcc/nios2-elf/5.3.0/mno-hw-mul/libgcc.a(floatsidf.o)
                0x000000000002d204                __floatsidf
 .text          0x000000000002d2e0       0xa8 /home/leonardo/intelFPGA/18.1/nios2eds/bin/gnu/H-x86_64-pc-linux-gnu/bin/../lib/gcc/nios2-elf/5.3.0/mno-hw-mul/libgcc.a(floatunsidf.o)
                0x000000000002d2e0                __floatunsidf
 .text          0x000000000002d388        0x0 /home/leonardo/intelFPGA/18.1/nios2eds/bin/gnu/H-x86_64-pc-linux-gnu/bin/../lib/gcc/nios2-elf/5.3.0/mno-hw-mul/libgcc.a(_clz.o)
 .text          0x000000000002d388       0x64 /home/leonardo/intelFPGA/18.1/nios2eds/bin/gnu/H-x86_64-pc-linux-gnu/bin/../lib/gcc/nios2-elf/5.3.0/mno-hw-mul/libgcc.a(_clzsi2.o)
                0x000000000002d388                __clzsi2
 .text          0x000000000002d3ec      0x114 ../E3_bsp//libhal_bsp.a(alt_close.o)
                0x000000000002d428                close
 .text          0x000000000002d500       0x2c ../E3_bsp//libhal_bsp.a(alt_dev.o)
 .text          0x000000000002d52c        0x0 ../E3_bsp//libhal_bsp.a(alt_errno.o)
 .text          0x000000000002d52c       0xf4 ../E3_bsp//libhal_bsp.a(alt_fstat.o)
                0x000000000002d568                fstat
 .text          0x000000000002d620       0xe8 ../E3_bsp//libhal_bsp.a(alt_isatty.o)
                0x000000000002d65c                isatty
 .text          0x000000000002d708       0xec ../E3_bsp//libhal_bsp.a(alt_load.o)
                0x000000000002d770                alt_load
 .text          0x000000000002d7f4      0x118 ../E3_bsp//libhal_bsp.a(alt_lseek.o)
                0x000000000002d830                lseek
 .text          0x000000000002d90c       0x7c ../E3_bsp//libhal_bsp.a(alt_main.o)
                0x000000000002d90c                alt_main
 .text          0x000000000002d988       0x48 ../E3_bsp//libhal_bsp.a(alt_malloc_lock.o)
                0x000000000002d988                __malloc_lock
                0x000000000002d9ac                __malloc_unlock
 .text          0x000000000002d9d0      0x140 ../E3_bsp//libhal_bsp.a(alt_read.o)
                0x000000000002da0c                read
 .text          0x000000000002db10       0x84 ../E3_bsp//libhal_bsp.a(alt_release_fd.o)
                0x000000000002db10                alt_release_fd
 .text          0x000000000002db94       0xb0 ../E3_bsp//libhal_bsp.a(alt_sbrk.o)
                0x000000000002db94                sbrk
 .text          0x000000000002dc44       0x30 ../E3_bsp//libhal_bsp.a(alt_usleep.o)
                0x000000000002dc44                usleep
 .text          0x000000000002dc74      0x13c ../E3_bsp//libhal_bsp.a(alt_write.o)
                0x000000000002dcb0                write
 .text          0x000000000002ddb0       0xb4 ../E3_bsp//libhal_bsp.a(alt_sys_init.o)
                0x000000000002dde4                alt_irq_init
                0x000000000002de1c                alt_sys_init
 .text          0x000000000002de64      0x164 ../E3_bsp//libhal_bsp.a(altera_avalon_jtag_uart_fd.o)
                0x000000000002de64                altera_avalon_jtag_uart_read_fd
                0x000000000002dec4                altera_avalon_jtag_uart_write_fd
                0x000000000002df24                altera_avalon_jtag_uart_close_fd
                0x000000000002df74                altera_avalon_jtag_uart_ioctl_fd
 .text          0x000000000002dfc8      0x3d4 ../E3_bsp//libhal_bsp.a(altera_avalon_jtag_uart_init.o)
                0x000000000002dfc8                altera_avalon_jtag_uart_init
                0x000000000002e334                altera_avalon_jtag_uart_close
 .text          0x000000000002e39c       0xf0 ../E3_bsp//libhal_bsp.a(altera_avalon_jtag_uart_ioctl.o)
                0x000000000002e39c                altera_avalon_jtag_uart_ioctl
 .text          0x000000000002e48c      0x21c ../E3_bsp//libhal_bsp.a(altera_avalon_jtag_uart_read.o)
                0x000000000002e48c                altera_avalon_jtag_uart_read
 .text          0x000000000002e6a8      0x224 ../E3_bsp//libhal_bsp.a(altera_avalon_jtag_uart_write.o)
                0x000000000002e6a8                altera_avalon_jtag_uart_write
 .text          0x000000000002e8cc      0x12c ../E3_bsp//libhal_bsp.a(alt_alarm_start.o)
                0x000000000002e8cc                alt_alarm_start
 .text          0x000000000002e9f8      0x158 ../E3_bsp//libhal_bsp.a(alt_busy_sleep.o)
                0x000000000002e9f8                alt_busy_sleep
 .text          0x000000000002eb50       0x20 ../E3_bsp//libhal_bsp.a(alt_dcache_flush_all.o)
                0x000000000002eb50                alt_dcache_flush_all
 .text          0x000000000002eb70       0xe0 ../E3_bsp//libhal_bsp.a(alt_dev_llist_insert.o)
                0x000000000002ebac                alt_dev_llist_insert
 .text          0x000000000002ec50       0x60 ../E3_bsp//libhal_bsp.a(alt_do_ctors.o)
                0x000000000002ec50                _do_ctors
 .text          0x000000000002ecb0       0x60 ../E3_bsp//libhal_bsp.a(alt_do_dtors.o)
                0x000000000002ecb0                _do_dtors
 .text          0x000000000002ed10       0x20 ../E3_bsp//libhal_bsp.a(alt_icache_flush_all.o)
                0x000000000002ed10                alt_icache_flush_all
 .text          0x000000000002ed30      0x1b0 ../E3_bsp//libhal_bsp.a(alt_iic.o)
                0x000000000002ed30                alt_ic_isr_register
                0x000000000002ed80                alt_ic_irq_enable
                0x000000000002ee08                alt_ic_irq_disable
                0x000000000002ee94                alt_ic_irq_enabled
 .text          0x000000000002eee0       0xf0 ../E3_bsp//libhal_bsp.a(alt_iic_isr_register.o)
                0x000000000002eee0                alt_iic_isr_register
 .text          0x000000000002efd0      0x160 ../E3_bsp//libhal_bsp.a(alt_io_redirect.o)
                0x000000000002f0b4                alt_io_redirect
 .text          0x000000000002f130        0x0 ../E3_bsp//libhal_bsp.a(alt_irq_entry.o)
 .text          0x000000000002f130        0x0 ../E3_bsp//libhal_bsp.a(alt_irq_handler.o)
 .text          0x000000000002f130        0x0 ../E3_bsp//libhal_bsp.a(alt_irq_vars.o)
 .text          0x000000000002f130      0x284 ../E3_bsp//libhal_bsp.a(alt_open.o)
                0x000000000002f258                open
 .text          0x000000000002f3b4      0x1a4 ../E3_bsp//libhal_bsp.a(alt_tick.o)
                0x000000000002f3b4                alt_alarm_stop
                0x000000000002f450                alt_tick
 .text          0x000000000002f558       0x24 ../E3_bsp//libhal_bsp.a(altera_nios2_gen2_irq.o)
                0x000000000002f558                altera_nios2_gen2_irq_init
 .text          0x000000000002f57c        0x0 ../E3_bsp//libhal_bsp.a(alt_exception_entry.o)
 .text          0x000000000002f57c       0x90 ../E3_bsp//libhal_bsp.a(alt_find_dev.o)
                0x000000000002f57c                alt_find_dev
 .text          0x000000000002f60c      0x108 ../E3_bsp//libhal_bsp.a(alt_find_file.o)
                0x000000000002f60c                alt_find_file
 .text          0x000000000002f714       0xc4 ../E3_bsp//libhal_bsp.a(alt_get_fd.o)
                0x000000000002f714                alt_get_fd
 .text          0x000000000002f7d8       0x9c ../E3_bsp//libhal_bsp.a(alt_instruction_exception_entry.o)
                0x000000000002f7d8                alt_exception_cause_generated_bad_addr
 .text          0x000000000002f874        0x0 /home/leonardo/intelFPGA/18.1/nios2eds/bin/gnu/H-x86_64-pc-linux-gnu/bin/../lib/gcc/nios2-elf/5.3.0/../../../../../H-x86_64-pc-linux-gnu/nios2-elf/lib/mno-hw-mul/libc.a(lib_a-atexit.o)
 .text.atexit   0x000000000002f874       0x14 /home/leonardo/intelFPGA/18.1/nios2eds/bin/gnu/H-x86_64-pc-linux-gnu/bin/../lib/gcc/nios2-elf/5.3.0/../../../../../H-x86_64-pc-linux-gnu/nios2-elf/lib/mno-hw-mul/libc.a(lib_a-atexit.o)
                0x000000000002f874                atexit
 .text          0x000000000002f888        0x0 /home/leonardo/intelFPGA/18.1/nios2eds/bin/gnu/H-x86_64-pc-linux-gnu/bin/../lib/gcc/nios2-elf/5.3.0/../../../../../H-x86_64-pc-linux-gnu/nios2-elf/lib/mno-hw-mul/libc.a(lib_a-exit.o)
 .text.exit     0x000000000002f888       0x38 /home/leonardo/intelFPGA/18.1/nios2eds/bin/gnu/H-x86_64-pc-linux-gnu/bin/../lib/gcc/nios2-elf/5.3.0/../../../../../H-x86_64-pc-linux-gnu/nios2-elf/lib/mno-hw-mul/libc.a(lib_a-exit.o)
                0x000000000002f888                exit
 .text          0x000000000002f8c0        0x0 /home/leonardo/intelFPGA/18.1/nios2eds/bin/gnu/H-x86_64-pc-linux-gnu/bin/../lib/gcc/nios2-elf/5.3.0/../../../../../H-x86_64-pc-linux-gnu/nios2-elf/lib/mno-hw-mul/libc.a(lib_a-memcmp.o)
 .text.memcmp   0x000000000002f8c0       0x7c /home/leonardo/intelFPGA/18.1/nios2eds/bin/gnu/H-x86_64-pc-linux-gnu/bin/../lib/gcc/nios2-elf/5.3.0/../../../../../H-x86_64-pc-linux-gnu/nios2-elf/lib/mno-hw-mul/libc.a(lib_a-memcmp.o)
                0x000000000002f8c0                memcmp
 .text          0x000000000002f93c        0x0 /home/leonardo/intelFPGA/18.1/nios2eds/bin/gnu/H-x86_64-pc-linux-gnu/bin/../lib/gcc/nios2-elf/5.3.0/../../../../../H-x86_64-pc-linux-gnu/nios2-elf/lib/mno-hw-mul/libc.a(lib_a-__atexit.o)
 .text.__register_exitproc
                0x000000000002f93c      0x118 /home/leonardo/intelFPGA/18.1/nios2eds/bin/gnu/H-x86_64-pc-linux-gnu/bin/../lib/gcc/nios2-elf/5.3.0/../../../../../H-x86_64-pc-linux-gnu/nios2-elf/lib/mno-hw-mul/libc.a(lib_a-__atexit.o)
                0x000000000002f93c                __register_exitproc
 .text          0x000000000002fa54        0x0 /home/leonardo/intelFPGA/18.1/nios2eds/bin/gnu/H-x86_64-pc-linux-gnu/bin/../lib/gcc/nios2-elf/5.3.0/../../../../../H-x86_64-pc-linux-gnu/nios2-elf/lib/mno-hw-mul/libc.a(lib_a-__call_atexit.o)
 .text.__call_exitprocs
                0x000000000002fa54      0x180 /home/leonardo/intelFPGA/18.1/nios2eds/bin/gnu/H-x86_64-pc-linux-gnu/bin/../lib/gcc/nios2-elf/5.3.0/../../../../../H-x86_64-pc-linux-gnu/nios2-elf/lib/mno-hw-mul/libc.a(lib_a-__call_atexit.o)
                0x000000000002fa54                __call_exitprocs
 .text          0x000000000002fbd4       0x34 ../E3_bsp//libhal_bsp.a(alt_exit.o)
                0x000000000002fbd4                _exit
 *(.gnu.warning.*)
 *(.fini)
                [!provide]                        PROVIDE (__etext, ABSOLUTE (.))
                [!provide]                        PROVIDE (_etext, ABSOLUTE (.))
                [!provide]                        PROVIDE (etext, ABSOLUTE (.))
 *(.eh_frame_hdr)
                0x000000000002fc08                . = ALIGN (0x4)
                [!provide]                        PROVIDE (__preinit_array_start, ABSOLUTE (.))
 *(.preinit_array)
                [!provide]                        PROVIDE (__preinit_array_end, ABSOLUTE (.))
                [!provide]                        PROVIDE (__init_array_start, ABSOLUTE (.))
 *(.init_array)
                [!provide]                        PROVIDE (__init_array_end, ABSOLUTE (.))
                [!provide]                        PROVIDE (__fini_array_start, ABSOLUTE (.))
 *(.fini_array)
                [!provide]                        PROVIDE (__fini_array_end, ABSOLUTE (.))
 *(.eh_frame)
 *(.gcc_except_table .gcc_except_table.*)
 *(.dynamic)
                0x000000000002fc08                PROVIDE (__CTOR_LIST__, ABSOLUTE (.))
 *(.ctors)
 *(SORT(.ctors.*))
                0x000000000002fc08                PROVIDE (__CTOR_END__, ABSOLUTE (.))
                0x000000000002fc08                PROVIDE (__DTOR_LIST__, ABSOLUTE (.))
 *(.dtors)
 *(SORT(.dtors.*))
                0x000000000002fc08                PROVIDE (__DTOR_END__, ABSOLUTE (.))
 *(.jcr)
                0x000000000002fc08                . = ALIGN (0x4)

.rodata         0x000000000002fc08      0x340
                0x000000000002fc08                PROVIDE (__ram_rodata_start, ABSOLUTE (.))
                0x000000000002fc08                . = ALIGN (0x4)
 *(.rodata .rodata.* .gnu.linkonce.r.*)
 .rodata        0x000000000002fc08       0x3e obj/default/hello_world.o
 *fill*         0x000000000002fc46        0x2 
 .rodata.str1.4
                0x000000000002fc48        0x2 /home/leonardo/intelFPGA/18.1/nios2eds/bin/gnu/H-x86_64-pc-linux-gnu/bin/../lib/gcc/nios2-elf/5.3.0/../../../../../H-x86_64-pc-linux-gnu/nios2-elf/lib/mno-hw-mul/libc.a(lib_a-puts.o)
 *fill*         0x000000000002fc4a        0x2 
 .rodata.str1.4
                0x000000000002fc4c       0x42 /home/leonardo/intelFPGA/18.1/nios2eds/bin/gnu/H-x86_64-pc-linux-gnu/bin/../lib/gcc/nios2-elf/5.3.0/../../../../../H-x86_64-pc-linux-gnu/nios2-elf/lib/mno-hw-mul/libc.a(lib_a-vfprintf.o)
 .rodata.zeroes.4404
                0x000000000002fc8e       0x10 /home/leonardo/intelFPGA/18.1/nios2eds/bin/gnu/H-x86_64-pc-linux-gnu/bin/../lib/gcc/nios2-elf/5.3.0/../../../../../H-x86_64-pc-linux-gnu/nios2-elf/lib/mno-hw-mul/libc.a(lib_a-vfprintf.o)
 .rodata.blanks.4403
                0x000000000002fc9e       0x10 /home/leonardo/intelFPGA/18.1/nios2eds/bin/gnu/H-x86_64-pc-linux-gnu/bin/../lib/gcc/nios2-elf/5.3.0/../../../../../H-x86_64-pc-linux-gnu/nios2-elf/lib/mno-hw-mul/libc.a(lib_a-vfprintf.o)
 *fill*         0x000000000002fcae        0x2 
 .rodata.str1.4
                0x000000000002fcb0       0x10 /home/leonardo/intelFPGA/18.1/nios2eds/bin/gnu/H-x86_64-pc-linux-gnu/bin/../lib/gcc/nios2-elf/5.3.0/../../../../../H-x86_64-pc-linux-gnu/nios2-elf/lib/mno-hw-mul/libc.a(lib_a-dtoa.o)
                                         0x12 (size before relaxing)
 .rodata.str1.4
                0x000000000002fcc0        0x2 /home/leonardo/intelFPGA/18.1/nios2eds/bin/gnu/H-x86_64-pc-linux-gnu/bin/../lib/gcc/nios2-elf/5.3.0/../../../../../H-x86_64-pc-linux-gnu/nios2-elf/lib/mno-hw-mul/libc.a(lib_a-impure.o)
 *fill*         0x000000000002fcc2        0x2 
 .rodata.str1.4
                0x000000000002fcc4        0xc /home/leonardo/intelFPGA/18.1/nios2eds/bin/gnu/H-x86_64-pc-linux-gnu/bin/../lib/gcc/nios2-elf/5.3.0/../../../../../H-x86_64-pc-linux-gnu/nios2-elf/lib/mno-hw-mul/libc.a(lib_a-locale.o)
                                         0x12 (size before relaxing)
 .rodata.p05.2768
                0x000000000002fcd0        0xc /home/leonardo/intelFPGA/18.1/nios2eds/bin/gnu/H-x86_64-pc-linux-gnu/bin/../lib/gcc/nios2-elf/5.3.0/../../../../../H-x86_64-pc-linux-gnu/nios2-elf/lib/mno-hw-mul/libc.a(lib_a-mprec.o)
 .rodata.__mprec_tinytens
                0x000000000002fcdc       0x28 /home/leonardo/intelFPGA/18.1/nios2eds/bin/gnu/H-x86_64-pc-linux-gnu/bin/../lib/gcc/nios2-elf/5.3.0/../../../../../H-x86_64-pc-linux-gnu/nios2-elf/lib/mno-hw-mul/libc.a(lib_a-mprec.o)
                0x000000000002fcdc                __mprec_tinytens
 .rodata.__mprec_bigtens
                0x000000000002fd04       0x28 /home/leonardo/intelFPGA/18.1/nios2eds/bin/gnu/H-x86_64-pc-linux-gnu/bin/../lib/gcc/nios2-elf/5.3.0/../../../../../H-x86_64-pc-linux-gnu/nios2-elf/lib/mno-hw-mul/libc.a(lib_a-mprec.o)
                0x000000000002fd04                __mprec_bigtens
 .rodata.__mprec_tens
                0x000000000002fd2c       0xc8 /home/leonardo/intelFPGA/18.1/nios2eds/bin/gnu/H-x86_64-pc-linux-gnu/bin/../lib/gcc/nios2-elf/5.3.0/../../../../../H-x86_64-pc-linux-gnu/nios2-elf/lib/mno-hw-mul/libc.a(lib_a-mprec.o)
                0x000000000002fd2c                __mprec_tens
 .rodata.str1.4
                0x000000000002fdf4       0x2f /home/leonardo/intelFPGA/18.1/nios2eds/bin/gnu/H-x86_64-pc-linux-gnu/bin/../lib/gcc/nios2-elf/5.3.0/../../../../../H-x86_64-pc-linux-gnu/nios2-elf/lib/mno-hw-mul/libc.a(lib_a-vfiprintf.o)
 .rodata.zeroes.4349
                0x000000000002fdf4       0x10 /home/leonardo/intelFPGA/18.1/nios2eds/bin/gnu/H-x86_64-pc-linux-gnu/bin/../lib/gcc/nios2-elf/5.3.0/../../../../../H-x86_64-pc-linux-gnu/nios2-elf/lib/mno-hw-mul/libc.a(lib_a-vfiprintf.o)
 .rodata.blanks.4348
                0x000000000002fe04       0x10 /home/leonardo/intelFPGA/18.1/nios2eds/bin/gnu/H-x86_64-pc-linux-gnu/bin/../lib/gcc/nios2-elf/5.3.0/../../../../../H-x86_64-pc-linux-gnu/nios2-elf/lib/mno-hw-mul/libc.a(lib_a-vfiprintf.o)
 .rodata        0x000000000002fe14      0x100 /home/leonardo/intelFPGA/18.1/nios2eds/bin/gnu/H-x86_64-pc-linux-gnu/bin/../lib/gcc/nios2-elf/5.3.0/mno-hw-mul/libgcc.a(_clz.o)
                0x000000000002fe14                __clz_tab
 .rodata        0x000000000002ff14        0xa ../E3_bsp//libhal_bsp.a(alt_dev.o)
 *fill*         0x000000000002ff1e        0x2 
 .rodata        0x000000000002ff20       0x11 ../E3_bsp//libhal_bsp.a(alt_main.o)
 *fill*         0x000000000002ff31        0x3 
 .rodata        0x000000000002ff34       0x11 ../E3_bsp//libhal_bsp.a(alt_sys_init.o)
 *(.rodata1)
                0x000000000002ff48                . = ALIGN (0x4)
 *fill*         0x000000000002ff45        0x3 
                0x000000000002ff48                PROVIDE (__ram_rodata_end, ABSOLUTE (.))
                0x000000000002fc08                PROVIDE (__flash_rodata_start, LOADADDR (.rodata))

.rwdata         0x000000000002ff48     0x1aec load address 0x0000000000031a34
                0x000000000002ff48                PROVIDE (__ram_rwdata_start, ABSOLUTE (.))
                0x000000000002ff48                . = ALIGN (0x4)
 *(.got.plt)
 *(.got)
 *(.data1)
 *(.data .data.* .gnu.linkonce.d.*)
 .data          0x000000000002ff48        0x0 ../E3_bsp//obj/HAL/src/crt0.o
 .data          0x000000000002ff48        0x0 obj/default/hello_world.o
 .data          0x000000000002ff48        0x0 /home/leonardo/intelFPGA/18.1/nios2eds/bin/gnu/H-x86_64-pc-linux-gnu/bin/../lib/gcc/nios2-elf/5.3.0/../../../../../H-x86_64-pc-linux-gnu/nios2-elf/lib/mno-hw-mul/libc.a(lib_a-printf.o)
 .data          0x000000000002ff48        0x0 /home/leonardo/intelFPGA/18.1/nios2eds/bin/gnu/H-x86_64-pc-linux-gnu/bin/../lib/gcc/nios2-elf/5.3.0/../../../../../H-x86_64-pc-linux-gnu/nios2-elf/lib/mno-hw-mul/libc.a(lib_a-puts.o)
 .data          0x000000000002ff48        0x0 /home/leonardo/intelFPGA/18.1/nios2eds/bin/gnu/H-x86_64-pc-linux-gnu/bin/../lib/gcc/nios2-elf/5.3.0/../../../../../H-x86_64-pc-linux-gnu/nios2-elf/lib/mno-hw-mul/libc.a(lib_a-strlen.o)
 .data          0x000000000002ff48        0x0 /home/leonardo/intelFPGA/18.1/nios2eds/bin/gnu/H-x86_64-pc-linux-gnu/bin/../lib/gcc/nios2-elf/5.3.0/../../../../../H-x86_64-pc-linux-gnu/nios2-elf/lib/mno-hw-mul/libc.a(lib_a-vfprintf.o)
 .data          0x000000000002ff48        0x0 /home/leonardo/intelFPGA/18.1/nios2eds/bin/gnu/H-x86_64-pc-linux-gnu/bin/../lib/gcc/nios2-elf/5.3.0/../../../../../H-x86_64-pc-linux-gnu/nios2-elf/lib/mno-hw-mul/libc.a(lib_a-wsetup.o)
 .data          0x000000000002ff48        0x0 /home/leonardo/intelFPGA/18.1/nios2eds/bin/gnu/H-x86_64-pc-linux-gnu/bin/../lib/gcc/nios2-elf/5.3.0/../../../../../H-x86_64-pc-linux-gnu/nios2-elf/lib/mno-hw-mul/libc.a(lib_a-dtoa.o)
 .data          0x000000000002ff48        0x0 /home/leonardo/intelFPGA/18.1/nios2eds/bin/gnu/H-x86_64-pc-linux-gnu/bin/../lib/gcc/nios2-elf/5.3.0/../../../../../H-x86_64-pc-linux-gnu/nios2-elf/lib/mno-hw-mul/libc.a(lib_a-fflush.o)
 .data          0x000000000002ff48        0x0 /home/leonardo/intelFPGA/18.1/nios2eds/bin/gnu/H-x86_64-pc-linux-gnu/bin/../lib/gcc/nios2-elf/5.3.0/../../../../../H-x86_64-pc-linux-gnu/nios2-elf/lib/mno-hw-mul/libc.a(lib_a-findfp.o)
 .data          0x000000000002ff48        0x0 /home/leonardo/intelFPGA/18.1/nios2eds/bin/gnu/H-x86_64-pc-linux-gnu/bin/../lib/gcc/nios2-elf/5.3.0/../../../../../H-x86_64-pc-linux-gnu/nios2-elf/lib/mno-hw-mul/libc.a(lib_a-freer.o)
 .data          0x000000000002ff48        0x0 /home/leonardo/intelFPGA/18.1/nios2eds/bin/gnu/H-x86_64-pc-linux-gnu/bin/../lib/gcc/nios2-elf/5.3.0/../../../../../H-x86_64-pc-linux-gnu/nios2-elf/lib/mno-hw-mul/libc.a(lib_a-fvwrite.o)
 .data          0x000000000002ff48        0x0 /home/leonardo/intelFPGA/18.1/nios2eds/bin/gnu/H-x86_64-pc-linux-gnu/bin/../lib/gcc/nios2-elf/5.3.0/../../../../../H-x86_64-pc-linux-gnu/nios2-elf/lib/mno-hw-mul/libc.a(lib_a-fwalk.o)
 .data          0x000000000002ff48        0x0 /home/leonardo/intelFPGA/18.1/nios2eds/bin/gnu/H-x86_64-pc-linux-gnu/bin/../lib/gcc/nios2-elf/5.3.0/../../../../../H-x86_64-pc-linux-gnu/nios2-elf/lib/mno-hw-mul/libc.a(lib_a-impure.o)
 .data.impure_data
                0x000000000002ff48      0x424 /home/leonardo/intelFPGA/18.1/nios2eds/bin/gnu/H-x86_64-pc-linux-gnu/bin/../lib/gcc/nios2-elf/5.3.0/../../../../../H-x86_64-pc-linux-gnu/nios2-elf/lib/mno-hw-mul/libc.a(lib_a-impure.o)
 .data          0x000000000003036c        0x0 /home/leonardo/intelFPGA/18.1/nios2eds/bin/gnu/H-x86_64-pc-linux-gnu/bin/../lib/gcc/nios2-elf/5.3.0/../../../../../H-x86_64-pc-linux-gnu/nios2-elf/lib/mno-hw-mul/libc.a(lib_a-locale.o)
 .data.lc_message_charset
                0x000000000003036c       0x20 /home/leonardo/intelFPGA/18.1/nios2eds/bin/gnu/H-x86_64-pc-linux-gnu/bin/../lib/gcc/nios2-elf/5.3.0/../../../../../H-x86_64-pc-linux-gnu/nios2-elf/lib/mno-hw-mul/libc.a(lib_a-locale.o)
 .data.lc_ctype_charset
                0x000000000003038c       0x20 /home/leonardo/intelFPGA/18.1/nios2eds/bin/gnu/H-x86_64-pc-linux-gnu/bin/../lib/gcc/nios2-elf/5.3.0/../../../../../H-x86_64-pc-linux-gnu/nios2-elf/lib/mno-hw-mul/libc.a(lib_a-locale.o)
 .data.lconv    0x00000000000303ac       0x38 /home/leonardo/intelFPGA/18.1/nios2eds/bin/gnu/H-x86_64-pc-linux-gnu/bin/../lib/gcc/nios2-elf/5.3.0/../../../../../H-x86_64-pc-linux-gnu/nios2-elf/lib/mno-hw-mul/libc.a(lib_a-locale.o)
 .data          0x00000000000303e4        0x0 /home/leonardo/intelFPGA/18.1/nios2eds/bin/gnu/H-x86_64-pc-linux-gnu/bin/../lib/gcc/nios2-elf/5.3.0/../../../../../H-x86_64-pc-linux-gnu/nios2-elf/lib/mno-hw-mul/libc.a(lib_a-makebuf.o)
 .data          0x00000000000303e4        0x0 /home/leonardo/intelFPGA/18.1/nios2eds/bin/gnu/H-x86_64-pc-linux-gnu/bin/../lib/gcc/nios2-elf/5.3.0/../../../../../H-x86_64-pc-linux-gnu/nios2-elf/lib/mno-hw-mul/libc.a(lib_a-mallocr.o)
 .data.__malloc_av_
                0x00000000000303e4      0x408 /home/leonardo/intelFPGA/18.1/nios2eds/bin/gnu/H-x86_64-pc-linux-gnu/bin/../lib/gcc/nios2-elf/5.3.0/../../../../../H-x86_64-pc-linux-gnu/nios2-elf/lib/mno-hw-mul/libc.a(lib_a-mallocr.o)
                0x00000000000303e4                __malloc_av_
 .data          0x00000000000307ec        0x0 /home/leonardo/intelFPGA/18.1/nios2eds/bin/gnu/H-x86_64-pc-linux-gnu/bin/../lib/gcc/nios2-elf/5.3.0/../../../../../H-x86_64-pc-linux-gnu/nios2-elf/lib/mno-hw-mul/libc.a(lib_a-memchr.o)
 .data          0x00000000000307ec        0x0 /home/leonardo/intelFPGA/18.1/nios2eds/bin/gnu/H-x86_64-pc-linux-gnu/bin/../lib/gcc/nios2-elf/5.3.0/../../../../../H-x86_64-pc-linux-gnu/nios2-elf/lib/mno-hw-mul/libc.a(lib_a-memcpy.o)
 .data          0x00000000000307ec        0x0 /home/leonardo/intelFPGA/18.1/nios2eds/bin/gnu/H-x86_64-pc-linux-gnu/bin/../lib/gcc/nios2-elf/5.3.0/../../../../../H-x86_64-pc-linux-gnu/nios2-elf/lib/mno-hw-mul/libc.a(lib_a-memmove.o)
 .data          0x00000000000307ec        0x0 /home/leonardo/intelFPGA/18.1/nios2eds/bin/gnu/H-x86_64-pc-linux-gnu/bin/../lib/gcc/nios2-elf/5.3.0/../../../../../H-x86_64-pc-linux-gnu/nios2-elf/lib/mno-hw-mul/libc.a(lib_a-memset.o)
 .data          0x00000000000307ec        0x0 /home/leonardo/intelFPGA/18.1/nios2eds/bin/gnu/H-x86_64-pc-linux-gnu/bin/../lib/gcc/nios2-elf/5.3.0/../../../../../H-x86_64-pc-linux-gnu/nios2-elf/lib/mno-hw-mul/libc.a(lib_a-mprec.o)
 .data          0x00000000000307ec        0x0 /home/leonardo/intelFPGA/18.1/nios2eds/bin/gnu/H-x86_64-pc-linux-gnu/bin/../lib/gcc/nios2-elf/5.3.0/../../../../../H-x86_64-pc-linux-gnu/nios2-elf/lib/mno-hw-mul/libc.a(lib_a-reallocr.o)
 .data          0x00000000000307ec        0x0 /home/leonardo/intelFPGA/18.1/nios2eds/bin/gnu/H-x86_64-pc-linux-gnu/bin/../lib/gcc/nios2-elf/5.3.0/../../../../../H-x86_64-pc-linux-gnu/nios2-elf/lib/mno-hw-mul/libc.a(lib_a-s_fpclassify.o)
 .data          0x00000000000307ec        0x0 /home/leonardo/intelFPGA/18.1/nios2eds/bin/gnu/H-x86_64-pc-linux-gnu/bin/../lib/gcc/nios2-elf/5.3.0/../../../../../H-x86_64-pc-linux-gnu/nios2-elf/lib/mno-hw-mul/libc.a(lib_a-sbrkr.o)
 .data          0x00000000000307ec        0x0 /home/leonardo/intelFPGA/18.1/nios2eds/bin/gnu/H-x86_64-pc-linux-gnu/bin/../lib/gcc/nios2-elf/5.3.0/../../../../../H-x86_64-pc-linux-gnu/nios2-elf/lib/mno-hw-mul/libc.a(lib_a-stdio.o)
 .data          0x00000000000307ec        0x0 /home/leonardo/intelFPGA/18.1/nios2eds/bin/gnu/H-x86_64-pc-linux-gnu/bin/../lib/gcc/nios2-elf/5.3.0/../../../../../H-x86_64-pc-linux-gnu/nios2-elf/lib/mno-hw-mul/libc.a(lib_a-strcmp.o)
 .data          0x00000000000307ec        0x0 /home/leonardo/intelFPGA/18.1/nios2eds/bin/gnu/H-x86_64-pc-linux-gnu/bin/../lib/gcc/nios2-elf/5.3.0/../../../../../H-x86_64-pc-linux-gnu/nios2-elf/lib/mno-hw-mul/libc.a(lib_a-vfiprintf.o)
 .data          0x00000000000307ec        0x0 /home/leonardo/intelFPGA/18.1/nios2eds/bin/gnu/H-x86_64-pc-linux-gnu/bin/../lib/gcc/nios2-elf/5.3.0/../../../../../H-x86_64-pc-linux-gnu/nios2-elf/lib/mno-hw-mul/libc.a(lib_a-writer.o)
 .data          0x00000000000307ec        0x0 /home/leonardo/intelFPGA/18.1/nios2eds/bin/gnu/H-x86_64-pc-linux-gnu/bin/../lib/gcc/nios2-elf/5.3.0/../../../../../H-x86_64-pc-linux-gnu/nios2-elf/lib/mno-hw-mul/libc.a(closer.o)
 .data          0x00000000000307ec        0x0 /home/leonardo/intelFPGA/18.1/nios2eds/bin/gnu/H-x86_64-pc-linux-gnu/bin/../lib/gcc/nios2-elf/5.3.0/../../../../../H-x86_64-pc-linux-gnu/nios2-elf/lib/mno-hw-mul/libc.a(lib_a-callocr.o)
 .data          0x00000000000307ec        0x0 /home/leonardo/intelFPGA/18.1/nios2eds/bin/gnu/H-x86_64-pc-linux-gnu/bin/../lib/gcc/nios2-elf/5.3.0/../../../../../H-x86_64-pc-linux-gnu/nios2-elf/lib/mno-hw-mul/libc.a(lib_a-fclose.o)
 .data          0x00000000000307ec        0x0 /home/leonardo/intelFPGA/18.1/nios2eds/bin/gnu/H-x86_64-pc-linux-gnu/bin/../lib/gcc/nios2-elf/5.3.0/../../../../../H-x86_64-pc-linux-gnu/nios2-elf/lib/mno-hw-mul/libc.a(lib_a-fputwc.o)
 .data          0x00000000000307ec        0x0 /home/leonardo/intelFPGA/18.1/nios2eds/bin/gnu/H-x86_64-pc-linux-gnu/bin/../lib/gcc/nios2-elf/5.3.0/../../../../../H-x86_64-pc-linux-gnu/nios2-elf/lib/mno-hw-mul/libc.a(lib_a-fstatr.o)
 .data          0x00000000000307ec        0x0 /home/leonardo/intelFPGA/18.1/nios2eds/bin/gnu/H-x86_64-pc-linux-gnu/bin/../lib/gcc/nios2-elf/5.3.0/../../../../../H-x86_64-pc-linux-gnu/nios2-elf/lib/mno-hw-mul/libc.a(lib_a-int_errno.o)
 .data          0x00000000000307ec        0x0 /home/leonardo/intelFPGA/18.1/nios2eds/bin/gnu/H-x86_64-pc-linux-gnu/bin/../lib/gcc/nios2-elf/5.3.0/../../../../../H-x86_64-pc-linux-gnu/nios2-elf/lib/mno-hw-mul/libc.a(lib_a-isattyr.o)
 .data          0x00000000000307ec        0x0 /home/leonardo/intelFPGA/18.1/nios2eds/bin/gnu/H-x86_64-pc-linux-gnu/bin/../lib/gcc/nios2-elf/5.3.0/../../../../../H-x86_64-pc-linux-gnu/nios2-elf/lib/mno-hw-mul/libc.a(lib_a-lseekr.o)
 .data          0x00000000000307ec        0x0 /home/leonardo/intelFPGA/18.1/nios2eds/bin/gnu/H-x86_64-pc-linux-gnu/bin/../lib/gcc/nios2-elf/5.3.0/../../../../../H-x86_64-pc-linux-gnu/nios2-elf/lib/mno-hw-mul/libc.a(lib_a-readr.o)
 .data          0x00000000000307ec        0x0 /home/leonardo/intelFPGA/18.1/nios2eds/bin/gnu/H-x86_64-pc-linux-gnu/bin/../lib/gcc/nios2-elf/5.3.0/../../../../../H-x86_64-pc-linux-gnu/nios2-elf/lib/mno-hw-mul/libc.a(lib_a-wbuf.o)
 .data          0x00000000000307ec        0x0 /home/leonardo/intelFPGA/18.1/nios2eds/bin/gnu/H-x86_64-pc-linux-gnu/bin/../lib/gcc/nios2-elf/5.3.0/../../../../../H-x86_64-pc-linux-gnu/nios2-elf/lib/mno-hw-mul/libc.a(lib_a-wcrtomb.o)
 .data          0x00000000000307ec        0x0 /home/leonardo/intelFPGA/18.1/nios2eds/bin/gnu/H-x86_64-pc-linux-gnu/bin/../lib/gcc/nios2-elf/5.3.0/../../../../../H-x86_64-pc-linux-gnu/nios2-elf/lib/mno-hw-mul/libc.a(lib_a-wctomb_r.o)
 .data          0x00000000000307ec        0x0 /home/leonardo/intelFPGA/18.1/nios2eds/bin/gnu/H-x86_64-pc-linux-gnu/bin/../lib/gcc/nios2-elf/5.3.0/mno-hw-mul/libgcc.a(_udivdi3.o)
 .data          0x00000000000307ec        0x0 /home/leonardo/intelFPGA/18.1/nios2eds/bin/gnu/H-x86_64-pc-linux-gnu/bin/../lib/gcc/nios2-elf/5.3.0/mno-hw-mul/libgcc.a(_umoddi3.o)
 .data          0x00000000000307ec        0x0 /home/leonardo/intelFPGA/18.1/nios2eds/bin/gnu/H-x86_64-pc-linux-gnu/bin/../lib/gcc/nios2-elf/5.3.0/mno-hw-mul/libgcc.a(lib2-divmod.o)
 .data          0x00000000000307ec        0x0 /home/leonardo/intelFPGA/18.1/nios2eds/bin/gnu/H-x86_64-pc-linux-gnu/bin/../lib/gcc/nios2-elf/5.3.0/mno-hw-mul/libgcc.a(lib2-mul.o)
 .data          0x00000000000307ec        0x0 /home/leonardo/intelFPGA/18.1/nios2eds/bin/gnu/H-x86_64-pc-linux-gnu/bin/../lib/gcc/nios2-elf/5.3.0/mno-hw-mul/libgcc.a(adddf3.o)
 .data          0x00000000000307ec        0x0 /home/leonardo/intelFPGA/18.1/nios2eds/bin/gnu/H-x86_64-pc-linux-gnu/bin/../lib/gcc/nios2-elf/5.3.0/mno-hw-mul/libgcc.a(divdf3.o)
 .data          0x00000000000307ec        0x0 /home/leonardo/intelFPGA/18.1/nios2eds/bin/gnu/H-x86_64-pc-linux-gnu/bin/../lib/gcc/nios2-elf/5.3.0/mno-hw-mul/libgcc.a(eqdf2.o)
 .data          0x00000000000307ec        0x0 /home/leonardo/intelFPGA/18.1/nios2eds/bin/gnu/H-x86_64-pc-linux-gnu/bin/../lib/gcc/nios2-elf/5.3.0/mno-hw-mul/libgcc.a(gedf2.o)
 .data          0x00000000000307ec        0x0 /home/leonardo/intelFPGA/18.1/nios2eds/bin/gnu/H-x86_64-pc-linux-gnu/bin/../lib/gcc/nios2-elf/5.3.0/mno-hw-mul/libgcc.a(ledf2.o)
 .data          0x00000000000307ec        0x0 /home/leonardo/intelFPGA/18.1/nios2eds/bin/gnu/H-x86_64-pc-linux-gnu/bin/../lib/gcc/nios2-elf/5.3.0/mno-hw-mul/libgcc.a(muldf3.o)
 .data          0x00000000000307ec        0x0 /home/leonardo/intelFPGA/18.1/nios2eds/bin/gnu/H-x86_64-pc-linux-gnu/bin/../lib/gcc/nios2-elf/5.3.0/mno-hw-mul/libgcc.a(subdf3.o)
 .data          0x00000000000307ec        0x0 /home/leonardo/intelFPGA/18.1/nios2eds/bin/gnu/H-x86_64-pc-linux-gnu/bin/../lib/gcc/nios2-elf/5.3.0/mno-hw-mul/libgcc.a(fixdfsi.o)
 .data          0x00000000000307ec        0x0 /home/leonardo/intelFPGA/18.1/nios2eds/bin/gnu/H-x86_64-pc-linux-gnu/bin/../lib/gcc/nios2-elf/5.3.0/mno-hw-mul/libgcc.a(floatsidf.o)
 .data          0x00000000000307ec        0x0 /home/leonardo/intelFPGA/18.1/nios2eds/bin/gnu/H-x86_64-pc-linux-gnu/bin/../lib/gcc/nios2-elf/5.3.0/mno-hw-mul/libgcc.a(floatunsidf.o)
 .data          0x00000000000307ec        0x0 /home/leonardo/intelFPGA/18.1/nios2eds/bin/gnu/H-x86_64-pc-linux-gnu/bin/../lib/gcc/nios2-elf/5.3.0/mno-hw-mul/libgcc.a(_clz.o)
 .data          0x00000000000307ec        0x0 /home/leonardo/intelFPGA/18.1/nios2eds/bin/gnu/H-x86_64-pc-linux-gnu/bin/../lib/gcc/nios2-elf/5.3.0/mno-hw-mul/libgcc.a(_clzsi2.o)
 .data          0x00000000000307ec        0x0 ../E3_bsp//libhal_bsp.a(alt_close.o)
 .data          0x00000000000307ec      0x1a8 ../E3_bsp//libhal_bsp.a(alt_dev.o)
                0x00000000000307ec                alt_dev_null
                0x0000000000030814                alt_fd_list
 .data          0x0000000000030994        0x0 ../E3_bsp//libhal_bsp.a(alt_errno.o)
 .data          0x0000000000030994        0x0 ../E3_bsp//libhal_bsp.a(alt_fstat.o)
 .data          0x0000000000030994        0x0 ../E3_bsp//libhal_bsp.a(alt_isatty.o)
 .data          0x0000000000030994        0x0 ../E3_bsp//libhal_bsp.a(alt_load.o)
 .data          0x0000000000030994        0x0 ../E3_bsp//libhal_bsp.a(alt_lseek.o)
 .data          0x0000000000030994        0x0 ../E3_bsp//libhal_bsp.a(alt_main.o)
 .data          0x0000000000030994        0x0 ../E3_bsp//libhal_bsp.a(alt_malloc_lock.o)
 .data          0x0000000000030994        0x0 ../E3_bsp//libhal_bsp.a(alt_read.o)
 .data          0x0000000000030994        0x0 ../E3_bsp//libhal_bsp.a(alt_release_fd.o)
 .data          0x0000000000030994        0x0 ../E3_bsp//libhal_bsp.a(alt_sbrk.o)
 .data          0x0000000000030994        0x0 ../E3_bsp//libhal_bsp.a(alt_usleep.o)
 .data          0x0000000000030994        0x0 ../E3_bsp//libhal_bsp.a(alt_write.o)
 .data          0x0000000000030994     0x1060 ../E3_bsp//libhal_bsp.a(alt_sys_init.o)
 .data          0x00000000000319f4        0x0 ../E3_bsp//libhal_bsp.a(altera_avalon_jtag_uart_fd.o)
 .data          0x00000000000319f4        0x0 ../E3_bsp//libhal_bsp.a(altera_avalon_jtag_uart_init.o)
 .data          0x00000000000319f4        0x0 ../E3_bsp//libhal_bsp.a(altera_avalon_jtag_uart_ioctl.o)
 .data          0x00000000000319f4        0x0 ../E3_bsp//libhal_bsp.a(altera_avalon_jtag_uart_read.o)
 .data          0x00000000000319f4        0x0 ../E3_bsp//libhal_bsp.a(altera_avalon_jtag_uart_write.o)
 .data          0x00000000000319f4        0x0 ../E3_bsp//libhal_bsp.a(alt_alarm_start.o)
 .data          0x00000000000319f4        0x0 ../E3_bsp//libhal_bsp.a(alt_busy_sleep.o)
 .data          0x00000000000319f4        0x0 ../E3_bsp//libhal_bsp.a(alt_dcache_flush_all.o)
 .data          0x00000000000319f4        0x0 ../E3_bsp//libhal_bsp.a(alt_dev_llist_insert.o)
 .data          0x00000000000319f4        0x0 ../E3_bsp//libhal_bsp.a(alt_do_ctors.o)
 .data          0x00000000000319f4        0x0 ../E3_bsp//libhal_bsp.a(alt_do_dtors.o)
 .data          0x00000000000319f4        0x0 ../E3_bsp//libhal_bsp.a(alt_icache_flush_all.o)
 .data          0x00000000000319f4        0x0 ../E3_bsp//libhal_bsp.a(alt_iic.o)
 .data          0x00000000000319f4        0x0 ../E3_bsp//libhal_bsp.a(alt_iic_isr_register.o)
 .data          0x00000000000319f4        0x0 ../E3_bsp//libhal_bsp.a(alt_io_redirect.o)
 .data          0x00000000000319f4        0x0 ../E3_bsp//libhal_bsp.a(alt_irq_entry.o)
 .data          0x00000000000319f4        0x0 ../E3_bsp//libhal_bsp.a(alt_irq_handler.o)
 .data          0x00000000000319f4        0x0 ../E3_bsp//libhal_bsp.a(alt_irq_vars.o)
 .data          0x00000000000319f4        0x0 ../E3_bsp//libhal_bsp.a(alt_open.o)
 .data          0x00000000000319f4        0x0 ../E3_bsp//libhal_bsp.a(alt_tick.o)
 .data          0x00000000000319f4        0x0 ../E3_bsp//libhal_bsp.a(altera_nios2_gen2_irq.o)
 .data          0x00000000000319f4        0x0 ../E3_bsp//libhal_bsp.a(alt_exception_entry.o)
 .data          0x00000000000319f4        0x0 ../E3_bsp//libhal_bsp.a(alt_find_dev.o)
 .data          0x00000000000319f4        0x0 ../E3_bsp//libhal_bsp.a(alt_find_file.o)
 .data          0x00000000000319f4        0x0 ../E3_bsp//libhal_bsp.a(alt_get_fd.o)
 .data          0x00000000000319f4        0x0 ../E3_bsp//libhal_bsp.a(alt_instruction_exception_entry.o)
 .data          0x00000000000319f4        0x0 /home/leonardo/intelFPGA/18.1/nios2eds/bin/gnu/H-x86_64-pc-linux-gnu/bin/../lib/gcc/nios2-elf/5.3.0/../../../../../H-x86_64-pc-linux-gnu/nios2-elf/lib/mno-hw-mul/libc.a(lib_a-atexit.o)
 .data          0x00000000000319f4        0x0 /home/leonardo/intelFPGA/18.1/nios2eds/bin/gnu/H-x86_64-pc-linux-gnu/bin/../lib/gcc/nios2-elf/5.3.0/../../../../../H-x86_64-pc-linux-gnu/nios2-elf/lib/mno-hw-mul/libc.a(lib_a-exit.o)
 .data          0x00000000000319f4        0x0 /home/leonardo/intelFPGA/18.1/nios2eds/bin/gnu/H-x86_64-pc-linux-gnu/bin/../lib/gcc/nios2-elf/5.3.0/../../../../../H-x86_64-pc-linux-gnu/nios2-elf/lib/mno-hw-mul/libc.a(lib_a-memcmp.o)
 .data          0x00000000000319f4        0x0 /home/leonardo/intelFPGA/18.1/nios2eds/bin/gnu/H-x86_64-pc-linux-gnu/bin/../lib/gcc/nios2-elf/5.3.0/../../../../../H-x86_64-pc-linux-gnu/nios2-elf/lib/mno-hw-mul/libc.a(lib_a-__atexit.o)
 .data          0x00000000000319f4        0x0 /home/leonardo/intelFPGA/18.1/nios2eds/bin/gnu/H-x86_64-pc-linux-gnu/bin/../lib/gcc/nios2-elf/5.3.0/../../../../../H-x86_64-pc-linux-gnu/nios2-elf/lib/mno-hw-mul/libc.a(lib_a-__call_atexit.o)
 .data          0x00000000000319f4        0x0 ../E3_bsp//libhal_bsp.a(alt_exit.o)
                0x00000000000399f4                _gp = ABSOLUTE ((. + 0x8000))
                [!provide]                        PROVIDE (gp, _gp)
 *(.rwdata .rwdata.*)
 *(.sdata .sdata.* .gnu.linkonce.s.*)
 .sdata._global_impure_ptr
                0x00000000000319f4        0x4 /home/leonardo/intelFPGA/18.1/nios2eds/bin/gnu/H-x86_64-pc-linux-gnu/bin/../lib/gcc/nios2-elf/5.3.0/../../../../../H-x86_64-pc-linux-gnu/nios2-elf/lib/mno-hw-mul/libc.a(lib_a-impure.o)
                0x00000000000319f4                _global_impure_ptr
 .sdata._impure_ptr
                0x00000000000319f8        0x4 /home/leonardo/intelFPGA/18.1/nios2eds/bin/gnu/H-x86_64-pc-linux-gnu/bin/../lib/gcc/nios2-elf/5.3.0/../../../../../H-x86_64-pc-linux-gnu/nios2-elf/lib/mno-hw-mul/libc.a(lib_a-impure.o)
                0x00000000000319f8                _impure_ptr
 .sdata.__mb_cur_max
                0x00000000000319fc        0x4 /home/leonardo/intelFPGA/18.1/nios2eds/bin/gnu/H-x86_64-pc-linux-gnu/bin/../lib/gcc/nios2-elf/5.3.0/../../../../../H-x86_64-pc-linux-gnu/nios2-elf/lib/mno-hw-mul/libc.a(lib_a-locale.o)
                0x00000000000319fc                __mb_cur_max
 .sdata.__malloc_sbrk_base
                0x0000000000031a00        0x4 /home/leonardo/intelFPGA/18.1/nios2eds/bin/gnu/H-x86_64-pc-linux-gnu/bin/../lib/gcc/nios2-elf/5.3.0/../../../../../H-x86_64-pc-linux-gnu/nios2-elf/lib/mno-hw-mul/libc.a(lib_a-mallocr.o)
                0x0000000000031a00                __malloc_sbrk_base
 .sdata.__malloc_trim_threshold
                0x0000000000031a04        0x4 /home/leonardo/intelFPGA/18.1/nios2eds/bin/gnu/H-x86_64-pc-linux-gnu/bin/../lib/gcc/nios2-elf/5.3.0/../../../../../H-x86_64-pc-linux-gnu/nios2-elf/lib/mno-hw-mul/libc.a(lib_a-mallocr.o)
                0x0000000000031a04                __malloc_trim_threshold
 .sdata.__wctomb
                0x0000000000031a08        0x4 /home/leonardo/intelFPGA/18.1/nios2eds/bin/gnu/H-x86_64-pc-linux-gnu/bin/../lib/gcc/nios2-elf/5.3.0/../../../../../H-x86_64-pc-linux-gnu/nios2-elf/lib/mno-hw-mul/libc.a(lib_a-wctomb_r.o)
                0x0000000000031a08                __wctomb
 .sdata         0x0000000000031a0c       0x14 ../E3_bsp//libhal_bsp.a(alt_dev.o)
                0x0000000000031a0c                alt_fs_list
                0x0000000000031a14                alt_dev_list
                0x0000000000031a1c                alt_max_fd
 .sdata         0x0000000000031a20        0x4 ../E3_bsp//libhal_bsp.a(alt_errno.o)
                0x0000000000031a20                alt_errno
 .sdata         0x0000000000031a24        0x4 ../E3_bsp//libhal_bsp.a(alt_sbrk.o)
 .sdata         0x0000000000031a28        0x4 ../E3_bsp//libhal_bsp.a(alt_irq_vars.o)
                0x0000000000031a28                alt_priority_mask
 .sdata         0x0000000000031a2c        0x8 ../E3_bsp//libhal_bsp.a(alt_tick.o)
                0x0000000000031a2c                alt_alarm_list
 *(.sdata2 .sdata2.* .gnu.linkonce.s2.*)
                0x0000000000031a34                . = ALIGN (0x4)
                0x0000000000031a34                _edata = ABSOLUTE (.)
                [!provide]                        PROVIDE (edata, ABSOLUTE (.))
                0x0000000000031a34                PROVIDE (__ram_rwdata_end, ABSOLUTE (.))
                0x0000000000031a34                PROVIDE (__flash_rwdata_start, LOADADDR (.rwdata))

.bss            0x0000000000033520      0x160
                0x0000000000033520                __bss_start = ABSOLUTE (.)
                [!provide]                        PROVIDE (__sbss_start, ABSOLUTE (.))
                [!provide]                        PROVIDE (___sbss_start, ABSOLUTE (.))
 *(.dynsbss)
 *(.sbss .sbss.* .gnu.linkonce.sb.*)
 .sbss._PathLocale
                0x0000000000033520        0x4 /home/leonardo/intelFPGA/18.1/nios2eds/bin/gnu/H-x86_64-pc-linux-gnu/bin/../lib/gcc/nios2-elf/5.3.0/../../../../../H-x86_64-pc-linux-gnu/nios2-elf/lib/mno-hw-mul/libc.a(lib_a-locale.o)
                0x0000000000033520                _PathLocale
 .sbss.__mlocale_changed
                0x0000000000033524        0x4 /home/leonardo/intelFPGA/18.1/nios2eds/bin/gnu/H-x86_64-pc-linux-gnu/bin/../lib/gcc/nios2-elf/5.3.0/../../../../../H-x86_64-pc-linux-gnu/nios2-elf/lib/mno-hw-mul/libc.a(lib_a-locale.o)
                0x0000000000033524                __mlocale_changed
 .sbss.__nlocale_changed
                0x0000000000033528        0x4 /home/leonardo/intelFPGA/18.1/nios2eds/bin/gnu/H-x86_64-pc-linux-gnu/bin/../lib/gcc/nios2-elf/5.3.0/../../../../../H-x86_64-pc-linux-gnu/nios2-elf/lib/mno-hw-mul/libc.a(lib_a-locale.o)
                0x0000000000033528                __nlocale_changed
 .sbss.__malloc_max_total_mem
                0x000000000003352c        0x4 /home/leonardo/intelFPGA/18.1/nios2eds/bin/gnu/H-x86_64-pc-linux-gnu/bin/../lib/gcc/nios2-elf/5.3.0/../../../../../H-x86_64-pc-linux-gnu/nios2-elf/lib/mno-hw-mul/libc.a(lib_a-mallocr.o)
                0x000000000003352c                __malloc_max_total_mem
 .sbss.__malloc_max_sbrked_mem
                0x0000000000033530        0x4 /home/leonardo/intelFPGA/18.1/nios2eds/bin/gnu/H-x86_64-pc-linux-gnu/bin/../lib/gcc/nios2-elf/5.3.0/../../../../../H-x86_64-pc-linux-gnu/nios2-elf/lib/mno-hw-mul/libc.a(lib_a-mallocr.o)
                0x0000000000033530                __malloc_max_sbrked_mem
 .sbss.__malloc_top_pad
                0x0000000000033534        0x4 /home/leonardo/intelFPGA/18.1/nios2eds/bin/gnu/H-x86_64-pc-linux-gnu/bin/../lib/gcc/nios2-elf/5.3.0/../../../../../H-x86_64-pc-linux-gnu/nios2-elf/lib/mno-hw-mul/libc.a(lib_a-mallocr.o)
                0x0000000000033534                __malloc_top_pad
 .sbss          0x0000000000033538        0x4 /home/leonardo/intelFPGA/18.1/nios2eds/bin/gnu/H-x86_64-pc-linux-gnu/bin/../lib/gcc/nios2-elf/5.3.0/../../../../../H-x86_64-pc-linux-gnu/nios2-elf/lib/mno-hw-mul/libc.a(lib_a-int_errno.o)
                0x0000000000033538                errno
 .sbss          0x000000000003353c        0xc ../E3_bsp//libhal_bsp.a(alt_main.o)
                0x000000000003353c                alt_argc
                0x0000000000033540                alt_argv
                0x0000000000033544                alt_envp
 .sbss          0x0000000000033548        0x4 ../E3_bsp//libhal_bsp.a(alt_irq_vars.o)
                0x0000000000033548                alt_irq_active
 .sbss          0x000000000003354c        0x8 ../E3_bsp//libhal_bsp.a(alt_tick.o)
                0x000000000003354c                _alt_tick_rate
                0x0000000000033550                _alt_nticks
 .sbss          0x0000000000033554        0x4 ../E3_bsp//libhal_bsp.a(alt_instruction_exception_entry.o)
                0x0000000000033554                alt_instruction_exception_handler
 *(.sbss2 .sbss2.* .gnu.linkonce.sb2.*)
 *(.scommon)
                [!provide]                        PROVIDE (__sbss_end, ABSOLUTE (.))
                [!provide]                        PROVIDE (___sbss_end, ABSOLUTE (.))
 *(.dynbss)
 *(.bss .bss.* .gnu.linkonce.b.*)
 .bss           0x0000000000033558        0x0 ../E3_bsp//obj/HAL/src/crt0.o
 .bss           0x0000000000033558        0x0 obj/default/hello_world.o
 .bss           0x0000000000033558        0x0 /home/leonardo/intelFPGA/18.1/nios2eds/bin/gnu/H-x86_64-pc-linux-gnu/bin/../lib/gcc/nios2-elf/5.3.0/../../../../../H-x86_64-pc-linux-gnu/nios2-elf/lib/mno-hw-mul/libc.a(lib_a-printf.o)
 .bss           0x0000000000033558        0x0 /home/leonardo/intelFPGA/18.1/nios2eds/bin/gnu/H-x86_64-pc-linux-gnu/bin/../lib/gcc/nios2-elf/5.3.0/../../../../../H-x86_64-pc-linux-gnu/nios2-elf/lib/mno-hw-mul/libc.a(lib_a-puts.o)
 .bss           0x0000000000033558        0x0 /home/leonardo/intelFPGA/18.1/nios2eds/bin/gnu/H-x86_64-pc-linux-gnu/bin/../lib/gcc/nios2-elf/5.3.0/../../../../../H-x86_64-pc-linux-gnu/nios2-elf/lib/mno-hw-mul/libc.a(lib_a-strlen.o)
 .bss           0x0000000000033558        0x0 /home/leonardo/intelFPGA/18.1/nios2eds/bin/gnu/H-x86_64-pc-linux-gnu/bin/../lib/gcc/nios2-elf/5.3.0/../../../../../H-x86_64-pc-linux-gnu/nios2-elf/lib/mno-hw-mul/libc.a(lib_a-vfprintf.o)
 .bss           0x0000000000033558        0x0 /home/leonardo/intelFPGA/18.1/nios2eds/bin/gnu/H-x86_64-pc-linux-gnu/bin/../lib/gcc/nios2-elf/5.3.0/../../../../../H-x86_64-pc-linux-gnu/nios2-elf/lib/mno-hw-mul/libc.a(lib_a-wsetup.o)
 .bss           0x0000000000033558        0x0 /home/leonardo/intelFPGA/18.1/nios2eds/bin/gnu/H-x86_64-pc-linux-gnu/bin/../lib/gcc/nios2-elf/5.3.0/../../../../../H-x86_64-pc-linux-gnu/nios2-elf/lib/mno-hw-mul/libc.a(lib_a-dtoa.o)
 .bss           0x0000000000033558        0x0 /home/leonardo/intelFPGA/18.1/nios2eds/bin/gnu/H-x86_64-pc-linux-gnu/bin/../lib/gcc/nios2-elf/5.3.0/../../../../../H-x86_64-pc-linux-gnu/nios2-elf/lib/mno-hw-mul/libc.a(lib_a-fflush.o)
 .bss           0x0000000000033558        0x0 /home/leonardo/intelFPGA/18.1/nios2eds/bin/gnu/H-x86_64-pc-linux-gnu/bin/../lib/gcc/nios2-elf/5.3.0/../../../../../H-x86_64-pc-linux-gnu/nios2-elf/lib/mno-hw-mul/libc.a(lib_a-findfp.o)
 .bss           0x0000000000033558        0x0 /home/leonardo/intelFPGA/18.1/nios2eds/bin/gnu/H-x86_64-pc-linux-gnu/bin/../lib/gcc/nios2-elf/5.3.0/../../../../../H-x86_64-pc-linux-gnu/nios2-elf/lib/mno-hw-mul/libc.a(lib_a-freer.o)
 .bss           0x0000000000033558        0x0 /home/leonardo/intelFPGA/18.1/nios2eds/bin/gnu/H-x86_64-pc-linux-gnu/bin/../lib/gcc/nios2-elf/5.3.0/../../../../../H-x86_64-pc-linux-gnu/nios2-elf/lib/mno-hw-mul/libc.a(lib_a-fvwrite.o)
 .bss           0x0000000000033558        0x0 /home/leonardo/intelFPGA/18.1/nios2eds/bin/gnu/H-x86_64-pc-linux-gnu/bin/../lib/gcc/nios2-elf/5.3.0/../../../../../H-x86_64-pc-linux-gnu/nios2-elf/lib/mno-hw-mul/libc.a(lib_a-fwalk.o)
 .bss           0x0000000000033558        0x0 /home/leonardo/intelFPGA/18.1/nios2eds/bin/gnu/H-x86_64-pc-linux-gnu/bin/../lib/gcc/nios2-elf/5.3.0/../../../../../H-x86_64-pc-linux-gnu/nios2-elf/lib/mno-hw-mul/libc.a(lib_a-impure.o)
 .bss           0x0000000000033558        0x0 /home/leonardo/intelFPGA/18.1/nios2eds/bin/gnu/H-x86_64-pc-linux-gnu/bin/../lib/gcc/nios2-elf/5.3.0/../../../../../H-x86_64-pc-linux-gnu/nios2-elf/lib/mno-hw-mul/libc.a(lib_a-locale.o)
 .bss           0x0000000000033558        0x0 /home/leonardo/intelFPGA/18.1/nios2eds/bin/gnu/H-x86_64-pc-linux-gnu/bin/../lib/gcc/nios2-elf/5.3.0/../../../../../H-x86_64-pc-linux-gnu/nios2-elf/lib/mno-hw-mul/libc.a(lib_a-makebuf.o)
 .bss           0x0000000000033558        0x0 /home/leonardo/intelFPGA/18.1/nios2eds/bin/gnu/H-x86_64-pc-linux-gnu/bin/../lib/gcc/nios2-elf/5.3.0/../../../../../H-x86_64-pc-linux-gnu/nios2-elf/lib/mno-hw-mul/libc.a(lib_a-mallocr.o)
 .bss.__malloc_current_mallinfo